Filesystem volume name:   <none>

Last mounted on:          /home/jaepark/Desktop/myvbox-windows

Filesystem UUID:          8cbbe12f-c62e-425a-8945-267aee88a08a

Filesystem magic number:  0xEF53

Filesystem revision #:    1 (dynamic)

Filesystem features:      has_journal ext_attr resize_inode dir_index filetype extent 64bit flex_bg sparse_super large_file huge_file dir_nlink extra_isize metadata_csum

Filesystem flags:         signed_directory_hash 

Default mount options:    user_xattr acl

Filesystem state:         clean

Errors behavior:          Continue

Filesystem OS type:       Linux

Inode count:              6553600

Block count:              26214400

Reserved block count:     0

Free inodes:              6553581

First block:              0

Block size:               4096

Fragment size:            4096

Group descriptor size:    64

Blocks per group:         32768

Fragments per group:      32768

Inodes per group:         8192

Inode blocks per group:   512

Flex block group size:    16

Filesystem created:       Mon Jun 28 17:42:45 2021

Last mount time:          Mon Jul 19 13:50:36 2021

Last write time:          Mon Jul 19 13:54:12 2021

Mount count:              69

Maximum mount count:      -1

Last checked:             Mon Jun 28 17:42:45 2021

Check interval:           0 (<none>)

Lifetime writes:          260 GB

Reserved blocks uid:      0 (user root)

Reserved blocks gid:      0 (group root)

First inode:              11

Inode size:	          256

Required extra isize:     32

Desired extra isize:      32

Journal inode:            8

Default directory hash:   half_md4

Directory Hash Seed:      45bc76bb-6b02-48e4-9f5c-041ba6043544

Journal backup:           inode blocks

Checksum type:            crc32c

Checksum:                 0xc65a165d

Journal features:         journal_incompat_revoke journal_64bit journal_checksum_v3

Journal size:             128M

Journal length:           32768

Journal sequence:         0x00001c5f

Journal start:            0

Journal checksum type:    crc32c

Journal checksum:         0xa108bfaf





Group 0: (Blocks 0-32767) csum 0x069d [ITABLE_ZEROED]

  2125 free blocks, 8181 free inodes, 2 directories, 8178 unused inodes

  Free inodes: 12-8192

Group 1: (Blocks 32768-65535) csum 0xcfe1 [INODE_UNINIT, ITABLE_ZEROED]

  1019 free blocks, 8192 free inodes, 0 directories, 8192 unused inodes

  Free inodes: 8193-16384

Group 2: (Blocks 65536-98303) csum 0xb090 [INODE_UNINIT, ITABLE_ZEROED]

  0 free blocks, 8192 free inodes, 0 directories, 8192 unused inodes

  Free inodes: 16385-24576

Group 3: (Blocks 98304-131071) csum 0xf0ae [INODE_UNINIT, ITABLE_ZEROED]

  1018 free blocks, 8192 free inodes, 0 directories, 8192 unused inodes

  Free inodes: 24577-32768

Group 4: (Blocks 131072-163839) csum 0x1d77 [INODE_UNINIT, ITABLE_ZEROED]

  0 free blocks, 8192 free inodes, 0 directories, 8192 unused inodes

  Free inodes: 32769-40960

Group 5: (Blocks 163840-196607) csum 0x9f16 [INODE_UNINIT, ITABLE_ZEROED]

  1019 free blocks, 8192 free inodes, 0 directories, 8192 unused inodes

  Free inodes: 40961-49152

Group 6: (Blocks 196608-229375) csum 0x586b [INODE_UNINIT, ITABLE_ZEROED]

  0 free blocks, 8192 free inodes, 0 directories, 8192 unused inodes

  Free inodes: 49153-57344

Group 7: (Blocks 229376-262143) csum 0xf76e [INODE_UNINIT, ITABLE_ZEROED]

  1019 free blocks, 8192 free inodes, 0 directories, 8192 unused inodes

  Free inodes: 57345-65536

Group 8: (Blocks 262144-294911) csum 0x8e9c [INODE_UNINIT, ITABLE_ZEROED]

  0 free blocks, 8192 free inodes, 0 directories, 8192 unused inodes

  Free inodes: 65537-73728

Group 9: (Blocks 294912-327679) csum 0x0cfd [INODE_UNINIT, ITABLE_ZEROED]

  1019 free blocks, 8192 free inodes, 0 directories, 8192 unused inodes

  Free inodes: 73729-81920

Group 10: (Blocks 327680-360447) csum 0xecfd [INODE_UNINIT, ITABLE_ZEROED]

  0 free blocks, 8192 free inodes, 0 directories, 8192 unused inodes

  Free inodes: 81921-90112

Group 11: (Blocks 360448-393215) csum 0xac96 [INODE_UNINIT, ITABLE_ZEROED]

  0 free blocks, 8192 free inodes, 0 directories, 8192 unused inodes

  Free inodes: 90113-98304

Group 12: (Blocks 393216-425983) csum 0xfe44 [INODE_UNINIT, ITABLE_ZEROED]

  0 free blocks, 8192 free inodes, 0 directories, 8192 unused inodes

  Free inodes: 98305-106496

Group 13: (Blocks 425984-458751) csum 0x76dd [INODE_UNINIT, ITABLE_ZEROED]

  0 free blocks, 8192 free inodes, 0 directories, 8192 unused inodes

  Free inodes: 106497-114688

Group 14: (Blocks 458752-491519) csum 0x8353 [INODE_UNINIT, ITABLE_ZEROED]

  0 free blocks, 8192 free inodes, 0 directories, 8192 unused inodes

  Free inodes: 114689-122880

Group 15: (Blocks 491520-524287) csum 0x26ae [INODE_UNINIT, ITABLE_ZEROED]

  0 free blocks, 8192 free inodes, 0 directories, 8192 unused inodes

  Free inodes: 122881-131072

Group 16: (Blocks 524288-557055) csum 0x982a [INODE_UNINIT, ITABLE_ZEROED]

  2016 free blocks, 8192 free inodes, 0 directories, 8192 unused inodes

  Free inodes: 131073-139264

Group 17: (Blocks 557056-589823) csum 0xacf4 [INODE_UNINIT, ITABLE_ZEROED]

  0 free blocks, 8192 free inodes, 0 directories, 8192 unused inodes

  Free inodes: 139265-147456

Group 18: (Blocks 589824-622591) csum 0xf878 [INODE_UNINIT, ITABLE_ZEROED]

  0 free blocks, 8192 free inodes, 0 directories, 8192 unused inodes

  Free inodes: 147457-155648

Group 19: (Blocks 622592-655359) csum 0xe653 [INODE_UNINIT, ITABLE_ZEROED]

  0 free blocks, 8192 free inodes, 0 directories, 8192 unused inodes

  Free inodes: 155649-163840

Group 20: (Blocks 655360-688127) csum 0x2791 [INODE_UNINIT, ITABLE_ZEROED]

  0 free blocks, 8192 free inodes, 0 directories, 8192 unused inodes

  Free inodes: 163841-172032

Group 21: (Blocks 688128-720895) csum 0x39ba [INODE_UNINIT, ITABLE_ZEROED]

  0 free blocks, 8192 free inodes, 0 directories, 8192 unused inodes

  Free inodes: 172033-180224

Group 22: (Blocks 720896-753663) csum 0x6d36 [INODE_UNINIT, ITABLE_ZEROED]

  0 free blocks, 8192 free inodes, 0 directories, 8192 unused inodes

  Free inodes: 180225-188416

Group 23: (Blocks 753664-786431) csum 0x731d [INODE_UNINIT, ITABLE_ZEROED]

  0 free blocks, 8192 free inodes, 0 directories, 8192 unused inodes

  Free inodes: 188417-196608

Group 24: (Blocks 786432-819199) csum 0xeeb2 [INODE_UNINIT, ITABLE_ZEROED]

  0 free blocks, 8192 free inodes, 0 directories, 8192 unused inodes

  Free inodes: 196609-204800

Group 25: (Blocks 819200-851967) csum 0xfa61 [INODE_UNINIT, ITABLE_ZEROED]

  1019 free blocks, 8192 free inodes, 0 directories, 8192 unused inodes

  Free inodes: 204801-212992

Group 26: (Blocks 851968-884735) csum 0xa415 [INODE_UNINIT, ITABLE_ZEROED]

  0 free blocks, 8192 free inodes, 0 directories, 8192 unused inodes

  Free inodes: 212993-221184

Group 27: (Blocks 884736-917503) csum 0xb0c6 [INODE_UNINIT, ITABLE_ZEROED]

  1019 free blocks, 8192 free inodes, 0 directories, 8192 unused inodes

  Free inodes: 221185-229376

Group 28: (Blocks 917504-950271) csum 0x7bfc [INODE_UNINIT, ITABLE_ZEROED]

  0 free blocks, 8192 free inodes, 0 directories, 8192 unused inodes

  Free inodes: 229377-237568

Group 29: (Blocks 950272-983039) csum 0x65d7 [INODE_UNINIT, ITABLE_ZEROED]

  0 free blocks, 8192 free inodes, 0 directories, 8192 unused inodes

  Free inodes: 237569-245760

Group 30: (Blocks 983040-1015807) csum 0x315b [INODE_UNINIT, ITABLE_ZEROED]

  0 free blocks, 8192 free inodes, 0 directories, 8192 unused inodes

  Free inodes: 245761-253952

Group 31: (Blocks 1015808-1048575) csum 0x2f70 [INODE_UNINIT, ITABLE_ZEROED]

  0 free blocks, 8192 free inodes, 0 directories, 8192 unused inodes

  Free inodes: 253953-262144

Group 32: (Blocks 1048576-1081343) csum 0x10de [INODE_UNINIT, ITABLE_ZEROED]

  2016 free blocks, 8192 free inodes, 0 directories, 8192 unused inodes

  Free inodes: 262145-270336

Group 33: (Blocks 1081344-1114111) csum 0x2400 [INODE_UNINIT, ITABLE_ZEROED]

  0 free blocks, 8192 free inodes, 0 directories, 8192 unused inodes

  Free inodes: 270337-278528

Group 34: (Blocks 1114112-1146879) csum 0x708c [INODE_UNINIT, ITABLE_ZEROED]

  0 free blocks, 8192 free inodes, 0 directories, 8192 unused inodes

  Free inodes: 278529-286720

Group 35: (Blocks 1146880-1179647) csum 0x6ea7 [INODE_UNINIT, ITABLE_ZEROED]

  0 free blocks, 8192 free inodes, 0 directories, 8192 unused inodes

  Free inodes: 286721-294912

Group 36: (Blocks 1179648-1212415) csum 0xaf65 [INODE_UNINIT, ITABLE_ZEROED]

  0 free blocks, 8192 free inodes, 0 directories, 8192 unused inodes

  Free inodes: 294913-303104

Group 37: (Blocks 1212416-1245183) csum 0xb14e [INODE_UNINIT, ITABLE_ZEROED]

  0 free blocks, 8192 free inodes, 0 directories, 8192 unused inodes

  Free inodes: 303105-311296

Group 38: (Blocks 1245184-1277951) csum 0xe5c2 [INODE_UNINIT, ITABLE_ZEROED]

  0 free blocks, 8192 free inodes, 0 directories, 8192 unused inodes

  Free inodes: 311297-319488

Group 39: (Blocks 1277952-1310719) csum 0xfbe9 [INODE_UNINIT, ITABLE_ZEROED]

  0 free blocks, 8192 free inodes, 0 directories, 8192 unused inodes

  Free inodes: 319489-327680

Group 40: (Blocks 1310720-1343487) csum 0x6646 [INODE_UNINIT, ITABLE_ZEROED]

  0 free blocks, 8192 free inodes, 0 directories, 8192 unused inodes

  Free inodes: 327681-335872

Group 41: (Blocks 1343488-1376255) csum 0x786d [INODE_UNINIT, ITABLE_ZEROED]

  0 free blocks, 8192 free inodes, 0 directories, 8192 unused inodes

  Free inodes: 335873-344064

Group 42: (Blocks 1376256-1409023) csum 0x2ce1 [INODE_UNINIT, ITABLE_ZEROED]

  0 free blocks, 8192 free inodes, 0 directories, 8192 unused inodes

  Free inodes: 344065-352256

Group 43: (Blocks 1409024-1441791) csum 0x53c3 [INODE_UNINIT, ITABLE_ZEROED]

  1990 free blocks, 8192 free inodes, 0 directories, 8192 unused inodes

  Free inodes: 352257-360448

Group 44: (Blocks 1441792-1474559) csum 0x6f88 [INODE_UNINIT, ITABLE_ZEROED]

  1993 free blocks, 8192 free inodes, 0 directories, 8192 unused inodes

  Free inodes: 360449-368640

Group 45: (Blocks 1474560-1507327) csum 0xed23 [INODE_UNINIT, ITABLE_ZEROED]

  0 free blocks, 8192 free inodes, 0 directories, 8192 unused inodes

  Free inodes: 368641-376832

Group 46: (Blocks 1507328-1540095) csum 0xb9af [INODE_UNINIT, ITABLE_ZEROED]

  0 free blocks, 8192 free inodes, 0 directories, 8192 unused inodes

  Free inodes: 376833-385024

Group 47: (Blocks 1540096-1572863) csum 0xa784 [INODE_UNINIT, ITABLE_ZEROED]

  0 free blocks, 8192 free inodes, 0 directories, 8192 unused inodes

  Free inodes: 385025-393216

Group 48: (Blocks 1572864-1605631) csum 0x9772 [INODE_UNINIT, ITABLE_ZEROED]

  2016 free blocks, 8192 free inodes, 0 directories, 8192 unused inodes

  Free inodes: 393217-401408

Group 49: (Blocks 1605632-1638399) csum 0x3625 [INODE_UNINIT, ITABLE_ZEROED]

  1019 free blocks, 8192 free inodes, 0 directories, 8192 unused inodes

  Free inodes: 401409-409600

Group 50: (Blocks 1638400-1671167) csum 0xf720 [INODE_UNINIT, ITABLE_ZEROED]

  0 free blocks, 8192 free inodes, 0 directories, 8192 unused inodes

  Free inodes: 409601-417792

Group 51: (Blocks 1671168-1703935) csum 0xe90b [INODE_UNINIT, ITABLE_ZEROED]

  0 free blocks, 8192 free inodes, 0 directories, 8192 unused inodes

  Free inodes: 417793-425984

Group 52: (Blocks 1703936-1736703) csum 0x28c9 [INODE_UNINIT, ITABLE_ZEROED]

  0 free blocks, 8192 free inodes, 0 directories, 8192 unused inodes

  Free inodes: 425985-434176

Group 53: (Blocks 1736704-1769471) csum 0x36e2 [INODE_UNINIT, ITABLE_ZEROED]

  0 free blocks, 8192 free inodes, 0 directories, 8192 unused inodes

  Free inodes: 434177-442368

Group 54: (Blocks 1769472-1802239) csum 0x626e [INODE_UNINIT, ITABLE_ZEROED]

  0 free blocks, 8192 free inodes, 0 directories, 8192 unused inodes

  Free inodes: 442369-450560

Group 55: (Blocks 1802240-1835007) csum 0x7c45 [INODE_UNINIT, ITABLE_ZEROED]

  0 free blocks, 8192 free inodes, 0 directories, 8192 unused inodes

  Free inodes: 450561-458752

Group 56: (Blocks 1835008-1867775) csum 0xe1ea [INODE_UNINIT, ITABLE_ZEROED]

  0 free blocks, 8192 free inodes, 0 directories, 8192 unused inodes

  Free inodes: 458753-466944

Group 57: (Blocks 1867776-1900543) csum 0xffc1 [INODE_UNINIT, ITABLE_ZEROED]

  0 free blocks, 8192 free inodes, 0 directories, 8192 unused inodes

  Free inodes: 466945-475136

Group 58: (Blocks 1900544-1933311) csum 0xab4d [INODE_UNINIT, ITABLE_ZEROED]

  0 free blocks, 8192 free inodes, 0 directories, 8192 unused inodes

  Free inodes: 475137-483328

Group 59: (Blocks 1933312-1966079) csum 0xb566 [INODE_UNINIT, ITABLE_ZEROED]

  0 free blocks, 8192 free inodes, 0 directories, 8192 unused inodes

  Free inodes: 483329-491520

Group 60: (Blocks 1966080-1998847) csum 0x74a4 [INODE_UNINIT, ITABLE_ZEROED]

  0 free blocks, 8192 free inodes, 0 directories, 8192 unused inodes

  Free inodes: 491521-499712

Group 61: (Blocks 1998848-2031615) csum 0x6a8f [INODE_UNINIT, ITABLE_ZEROED]

  0 free blocks, 8192 free inodes, 0 directories, 8192 unused inodes

  Free inodes: 499713-507904

Group 62: (Blocks 2031616-2064383) csum 0x3e03 [INODE_UNINIT, ITABLE_ZEROED]

  0 free blocks, 8192 free inodes, 0 directories, 8192 unused inodes

  Free inodes: 507905-516096

Group 63: (Blocks 2064384-2097151) csum 0x2028 [INODE_UNINIT, ITABLE_ZEROED]

  0 free blocks, 8192 free inodes, 0 directories, 8192 unused inodes

  Free inodes: 516097-524288

Group 64: (Blocks 2097152-2129919) csum 0x77c7 [INODE_UNINIT, ITABLE_ZEROED]

  2016 free blocks, 8192 free inodes, 0 directories, 8192 unused inodes

  Free inodes: 524289-532480

Group 65: (Blocks 2129920-2162687) csum 0x4319 [INODE_UNINIT, ITABLE_ZEROED]

  0 free blocks, 8192 free inodes, 0 directories, 8192 unused inodes

  Free inodes: 532481-540672

Group 66: (Blocks 2162688-2195455) csum 0x1795 [INODE_UNINIT, ITABLE_ZEROED]

  0 free blocks, 8192 free inodes, 0 directories, 8192 unused inodes

  Free inodes: 540673-548864

Group 67: (Blocks 2195456-2228223) csum 0x09be [INODE_UNINIT, ITABLE_ZEROED]

  0 free blocks, 8192 free inodes, 0 directories, 8192 unused inodes

  Free inodes: 548865-557056

Group 68: (Blocks 2228224-2260991) csum 0xc87c [INODE_UNINIT, ITABLE_ZEROED]

  0 free blocks, 8192 free inodes, 0 directories, 8192 unused inodes

  Free inodes: 557057-565248

Group 69: (Blocks 2260992-2293759) csum 0xd657 [INODE_UNINIT, ITABLE_ZEROED]

  0 free blocks, 8192 free inodes, 0 directories, 8192 unused inodes

  Free inodes: 565249-573440

Group 70: (Blocks 2293760-2326527) csum 0x82db [INODE_UNINIT, ITABLE_ZEROED]

  0 free blocks, 8192 free inodes, 0 directories, 8192 unused inodes

  Free inodes: 573441-581632

Group 71: (Blocks 2326528-2359295) csum 0x9cf0 [INODE_UNINIT, ITABLE_ZEROED]

  0 free blocks, 8192 free inodes, 0 directories, 8192 unused inodes

  Free inodes: 581633-589824

Group 72: (Blocks 2359296-2392063) csum 0x015f [INODE_UNINIT, ITABLE_ZEROED]

  0 free blocks, 8192 free inodes, 0 directories, 8192 unused inodes

  Free inodes: 589825-598016

Group 73: (Blocks 2392064-2424831) csum 0x1f74 [INODE_UNINIT, ITABLE_ZEROED]

  0 free blocks, 8192 free inodes, 0 directories, 8192 unused inodes

  Free inodes: 598017-606208

Group 74: (Blocks 2424832-2457599) csum 0xddc8 [INODE_UNINIT, ITABLE_ZEROED]

  14191 free blocks, 8192 free inodes, 0 directories, 8192 unused inodes

  Free inodes: 606209-614400

Group 75: (Blocks 2457600-2490367) csum 0x30db [INODE_UNINIT, ITABLE_ZEROED]

  32768 free blocks, 8192 free inodes, 0 directories, 8192 unused inodes

  Free inodes: 614401-622592

Group 76: (Blocks 2490368-2523135) csum 0xf119 [INODE_UNINIT, ITABLE_ZEROED]

  32768 free blocks, 8192 free inodes, 0 directories, 8192 unused inodes

  Free inodes: 622593-630784

Group 77: (Blocks 2523136-2555903) csum 0xef32 [INODE_UNINIT, ITABLE_ZEROED]

  32768 free blocks, 8192 free inodes, 0 directories, 8192 unused inodes

  Free inodes: 630785-638976

Group 78: (Blocks 2555904-2588671) csum 0xbbbe [INODE_UNINIT, ITABLE_ZEROED]

  32768 free blocks, 8192 free inodes, 0 directories, 8192 unused inodes

  Free inodes: 638977-647168

Group 79: (Blocks 2588672-2621439) csum 0xa595 [INODE_UNINIT, ITABLE_ZEROED]

  32768 free blocks, 8192 free inodes, 0 directories, 8192 unused inodes

  Free inodes: 647169-655360

Group 80: (Blocks 2621440-2654207) csum 0x6c42 [ITABLE_ZEROED]

  2016 free blocks, 8192 free inodes, 0 directories, 8191 unused inodes

  Free inodes: 655361-663552

Group 81: (Blocks 2654208-2686975) csum 0x20a4 [INODE_UNINIT, ITABLE_ZEROED]

  31739 free blocks, 8192 free inodes, 0 directories, 8192 unused inodes

  Free inodes: 663553-671744

Group 82: (Blocks 2686976-2719743) csum 0xf531 [INODE_UNINIT, ITABLE_ZEROED]

  32768 free blocks, 8192 free inodes, 0 directories, 8192 unused inodes

  Free inodes: 671745-679936

Group 83: (Blocks 2719744-2752511) csum 0xeb1a [INODE_UNINIT, ITABLE_ZEROED]

  32768 free blocks, 8192 free inodes, 0 directories, 8192 unused inodes

  Free inodes: 679937-688128

Group 84: (Blocks 2752512-2785279) csum 0x2ad8 [INODE_UNINIT, ITABLE_ZEROED]

  32768 free blocks, 8192 free inodes, 0 directories, 8192 unused inodes

  Free inodes: 688129-696320

Group 85: (Blocks 2785280-2818047) csum 0x34f3 [INODE_UNINIT, ITABLE_ZEROED]

  32768 free blocks, 8192 free inodes, 0 directories, 8192 unused inodes

  Free inodes: 696321-704512

Group 86: (Blocks 2818048-2850815) csum 0x607f [INODE_UNINIT, ITABLE_ZEROED]

  32768 free blocks, 8192 free inodes, 0 directories, 8192 unused inodes

  Free inodes: 704513-712704

Group 87: (Blocks 2850816-2883583) csum 0x7e54 [INODE_UNINIT, ITABLE_ZEROED]

  32768 free blocks, 8192 free inodes, 0 directories, 8192 unused inodes

  Free inodes: 712705-720896

Group 88: (Blocks 2883584-2916351) csum 0xe3fb [INODE_UNINIT, ITABLE_ZEROED]

  32768 free blocks, 8192 free inodes, 0 directories, 8192 unused inodes

  Free inodes: 720897-729088

Group 89: (Blocks 2916352-2949119) csum 0xfdd0 [INODE_UNINIT, ITABLE_ZEROED]

  32768 free blocks, 8192 free inodes, 0 directories, 8192 unused inodes

  Free inodes: 729089-737280

Group 90: (Blocks 2949120-2981887) csum 0xa95c [INODE_UNINIT, ITABLE_ZEROED]

  32768 free blocks, 8192 free inodes, 0 directories, 8192 unused inodes

  Free inodes: 737281-745472

Group 91: (Blocks 2981888-3014655) csum 0xb777 [INODE_UNINIT, ITABLE_ZEROED]

  32768 free blocks, 8192 free inodes, 0 directories, 8192 unused inodes

  Free inodes: 745473-753664

Group 92: (Blocks 3014656-3047423) csum 0x76b5 [INODE_UNINIT, ITABLE_ZEROED]

  32768 free blocks, 8192 free inodes, 0 directories, 8192 unused inodes

  Free inodes: 753665-761856

Group 93: (Blocks 3047424-3080191) csum 0x689e [INODE_UNINIT, ITABLE_ZEROED]

  32768 free blocks, 8192 free inodes, 0 directories, 8192 unused inodes

  Free inodes: 761857-770048

Group 94: (Blocks 3080192-3112959) csum 0x3c12 [INODE_UNINIT, ITABLE_ZEROED]

  32768 free blocks, 8192 free inodes, 0 directories, 8192 unused inodes

  Free inodes: 770049-778240

Group 95: (Blocks 3112960-3145727) csum 0x2239 [INODE_UNINIT, ITABLE_ZEROED]

  32768 free blocks, 8192 free inodes, 0 directories, 8192 unused inodes

  Free inodes: 778241-786432

Group 96: (Blocks 3145728-3178495) csum 0x789f [INODE_UNINIT, ITABLE_ZEROED]

  2016 free blocks, 8192 free inodes, 0 directories, 8192 unused inodes

  Free inodes: 786433-794624

Group 97: (Blocks 3178496-3211263) csum 0x2949 [INODE_UNINIT, ITABLE_ZEROED]

  32768 free blocks, 8192 free inodes, 0 directories, 8192 unused inodes

  Free inodes: 794625-802816

Group 98: (Blocks 3211264-3244031) csum 0x7dc5 [INODE_UNINIT, ITABLE_ZEROED]

  32768 free blocks, 8192 free inodes, 0 directories, 8192 unused inodes

  Free inodes: 802817-811008

Group 99: (Blocks 3244032-3276799) csum 0x63ee [INODE_UNINIT, ITABLE_ZEROED]

  32768 free blocks, 8192 free inodes, 0 directories, 8192 unused inodes

  Free inodes: 811009-819200

Group 100: (Blocks 3276800-3309567) csum 0xa22c [INODE_UNINIT, ITABLE_ZEROED]

  32768 free blocks, 8192 free inodes, 0 directories, 8192 unused inodes

  Free inodes: 819201-827392

Group 101: (Blocks 3309568-3342335) csum 0xbc07 [INODE_UNINIT, ITABLE_ZEROED]

  32768 free blocks, 8192 free inodes, 0 directories, 8192 unused inodes

  Free inodes: 827393-835584

Group 102: (Blocks 3342336-3375103) csum 0xe88b [INODE_UNINIT, ITABLE_ZEROED]

  32768 free blocks, 8192 free inodes, 0 directories, 8192 unused inodes

  Free inodes: 835585-843776

Group 103: (Blocks 3375104-3407871) csum 0xf6a0 [INODE_UNINIT, ITABLE_ZEROED]

  32768 free blocks, 8192 free inodes, 0 directories, 8192 unused inodes

  Free inodes: 843777-851968

Group 104: (Blocks 3407872-3440639) csum 0x6b0f [INODE_UNINIT, ITABLE_ZEROED]

  32768 free blocks, 8192 free inodes, 0 directories, 8192 unused inodes

  Free inodes: 851969-860160

Group 105: (Blocks 3440640-3473407) csum 0x7524 [INODE_UNINIT, ITABLE_ZEROED]

  32768 free blocks, 8192 free inodes, 0 directories, 8192 unused inodes

  Free inodes: 860161-868352

Group 106: (Blocks 3473408-3506175) csum 0x21a8 [INODE_UNINIT, ITABLE_ZEROED]

  32768 free blocks, 8192 free inodes, 0 directories, 8192 unused inodes

  Free inodes: 868353-876544

Group 107: (Blocks 3506176-3538943) csum 0x3f83 [INODE_UNINIT, ITABLE_ZEROED]

  32768 free blocks, 8192 free inodes, 0 directories, 8192 unused inodes

  Free inodes: 876545-884736

Group 108: (Blocks 3538944-3571711) csum 0xfe41 [INODE_UNINIT, ITABLE_ZEROED]

  32768 free blocks, 8192 free inodes, 0 directories, 8192 unused inodes

  Free inodes: 884737-892928

Group 109: (Blocks 3571712-3604479) csum 0xe06a [INODE_UNINIT, ITABLE_ZEROED]

  32768 free blocks, 8192 free inodes, 0 directories, 8192 unused inodes

  Free inodes: 892929-901120

Group 110: (Blocks 3604480-3637247) csum 0xb4e6 [INODE_UNINIT, ITABLE_ZEROED]

  32768 free blocks, 8192 free inodes, 0 directories, 8192 unused inodes

  Free inodes: 901121-909312

Group 111: (Blocks 3637248-3670015) csum 0xaacd [INODE_UNINIT, ITABLE_ZEROED]

  32768 free blocks, 8192 free inodes, 0 directories, 8192 unused inodes

  Free inodes: 909313-917504

Group 112: (Blocks 3670016-3702783) csum 0xff33 [INODE_UNINIT, ITABLE_ZEROED]

  2016 free blocks, 8192 free inodes, 0 directories, 8192 unused inodes

  Free inodes: 917505-925696

Group 113: (Blocks 3702784-3735551) csum 0xcbed [INODE_UNINIT, ITABLE_ZEROED]

  0 free blocks, 8192 free inodes, 0 directories, 8192 unused inodes

  Free inodes: 925697-933888

Group 114: (Blocks 3735552-3768319) csum 0xfa69 [INODE_UNINIT, ITABLE_ZEROED]

  32768 free blocks, 8192 free inodes, 0 directories, 8192 unused inodes

  Free inodes: 933889-942080

Group 115: (Blocks 3768320-3801087) csum 0xe442 [INODE_UNINIT, ITABLE_ZEROED]

  32768 free blocks, 8192 free inodes, 0 directories, 8192 unused inodes

  Free inodes: 942081-950272

Group 116: (Blocks 3801088-3833855) csum 0x2580 [INODE_UNINIT, ITABLE_ZEROED]

  32768 free blocks, 8192 free inodes, 0 directories, 8192 unused inodes

  Free inodes: 950273-958464

Group 117: (Blocks 3833856-3866623) csum 0x3bab [INODE_UNINIT, ITABLE_ZEROED]

  32768 free blocks, 8192 free inodes, 0 directories, 8192 unused inodes

  Free inodes: 958465-966656

Group 118: (Blocks 3866624-3899391) csum 0x6f27 [INODE_UNINIT, ITABLE_ZEROED]

  32768 free blocks, 8192 free inodes, 0 directories, 8192 unused inodes

  Free inodes: 966657-974848

Group 119: (Blocks 3899392-3932159) csum 0x710c [INODE_UNINIT, ITABLE_ZEROED]

  32768 free blocks, 8192 free inodes, 0 directories, 8192 unused inodes

  Free inodes: 974849-983040

Group 120: (Blocks 3932160-3964927) csum 0xeca3 [INODE_UNINIT, ITABLE_ZEROED]

  32768 free blocks, 8192 free inodes, 0 directories, 8192 unused inodes

  Free inodes: 983041-991232

Group 121: (Blocks 3964928-3997695) csum 0xf288 [INODE_UNINIT, ITABLE_ZEROED]

  32768 free blocks, 8192 free inodes, 0 directories, 8192 unused inodes

  Free inodes: 991233-999424

Group 122: (Blocks 3997696-4030463) csum 0xa604 [INODE_UNINIT, ITABLE_ZEROED]

  32768 free blocks, 8192 free inodes, 0 directories, 8192 unused inodes

  Free inodes: 999425-1007616

Group 123: (Blocks 4030464-4063231) csum 0xb82f [INODE_UNINIT, ITABLE_ZEROED]

  32768 free blocks, 8192 free inodes, 0 directories, 8192 unused inodes

  Free inodes: 1007617-1015808

Group 124: (Blocks 4063232-4095999) csum 0x79ed [INODE_UNINIT, ITABLE_ZEROED]

  32768 free blocks, 8192 free inodes, 0 directories, 8192 unused inodes

  Free inodes: 1015809-1024000

Group 125: (Blocks 4096000-4128767) csum 0xe6df [INODE_UNINIT, ITABLE_ZEROED]

  31739 free blocks, 8192 free inodes, 0 directories, 8192 unused inodes

  Free inodes: 1024001-1032192

Group 126: (Blocks 4128768-4161535) csum 0x334a [INODE_UNINIT, ITABLE_ZEROED]

  32768 free blocks, 8192 free inodes, 0 directories, 8192 unused inodes

  Free inodes: 1032193-1040384

Group 127: (Blocks 4161536-4194303) csum 0x2d61 [INODE_UNINIT, ITABLE_ZEROED]

  32768 free blocks, 8192 free inodes, 0 directories, 8192 unused inodes

  Free inodes: 1040385-1048576

Group 128: (Blocks 4194304-4227071) csum 0xcf04 [INODE_UNINIT, ITABLE_ZEROED]

  2016 free blocks, 8192 free inodes, 0 directories, 8192 unused inodes

  Free inodes: 1048577-1056768

Group 129: (Blocks 4227072-4259839) csum 0x9ed2 [INODE_UNINIT, ITABLE_ZEROED]

  32768 free blocks, 8192 free inodes, 0 directories, 8192 unused inodes

  Free inodes: 1056769-1064960

Group 130: (Blocks 4259840-4292607) csum 0xca5e [INODE_UNINIT, ITABLE_ZEROED]

  32768 free blocks, 8192 free inodes, 0 directories, 8192 unused inodes

  Free inodes: 1064961-1073152

Group 131: (Blocks 4292608-4325375) csum 0xd475 [INODE_UNINIT, ITABLE_ZEROED]

  32768 free blocks, 8192 free inodes, 0 directories, 8192 unused inodes

  Free inodes: 1073153-1081344

Group 132: (Blocks 4325376-4358143) csum 0x15b7 [INODE_UNINIT, ITABLE_ZEROED]

  32768 free blocks, 8192 free inodes, 0 directories, 8192 unused inodes

  Free inodes: 1081345-1089536

Group 133: (Blocks 4358144-4390911) csum 0x0b9c [INODE_UNINIT, ITABLE_ZEROED]

  32768 free blocks, 8192 free inodes, 0 directories, 8192 unused inodes

  Free inodes: 1089537-1097728

Group 134: (Blocks 4390912-4423679) csum 0x5f10 [INODE_UNINIT, ITABLE_ZEROED]

  32768 free blocks, 8192 free inodes, 0 directories, 8192 unused inodes

  Free inodes: 1097729-1105920

Group 135: (Blocks 4423680-4456447) csum 0x413b [INODE_UNINIT, ITABLE_ZEROED]

  32768 free blocks, 8192 free inodes, 0 directories, 8192 unused inodes

  Free inodes: 1105921-1114112

Group 136: (Blocks 4456448-4489215) csum 0xdc94 [INODE_UNINIT, ITABLE_ZEROED]

  32768 free blocks, 8192 free inodes, 0 directories, 8192 unused inodes

  Free inodes: 1114113-1122304

Group 137: (Blocks 4489216-4521983) csum 0xc2bf [INODE_UNINIT, ITABLE_ZEROED]

  32768 free blocks, 8192 free inodes, 0 directories, 8192 unused inodes

  Free inodes: 1122305-1130496

Group 138: (Blocks 4521984-4554751) csum 0x9633 [INODE_UNINIT, ITABLE_ZEROED]

  32768 free blocks, 8192 free inodes, 0 directories, 8192 unused inodes

  Free inodes: 1130497-1138688

Group 139: (Blocks 4554752-4587519) csum 0x8818 [INODE_UNINIT, ITABLE_ZEROED]

  32768 free blocks, 8192 free inodes, 0 directories, 8192 unused inodes

  Free inodes: 1138689-1146880

Group 140: (Blocks 4587520-4620287) csum 0x49da [INODE_UNINIT, ITABLE_ZEROED]

  32768 free blocks, 8192 free inodes, 0 directories, 8192 unused inodes

  Free inodes: 1146881-1155072

Group 141: (Blocks 4620288-4653055) csum 0x57f1 [INODE_UNINIT, ITABLE_ZEROED]

  32768 free blocks, 8192 free inodes, 0 directories, 8192 unused inodes

  Free inodes: 1155073-1163264

Group 142: (Blocks 4653056-4685823) csum 0x037d [INODE_UNINIT, ITABLE_ZEROED]

  32768 free blocks, 8192 free inodes, 0 directories, 8192 unused inodes

  Free inodes: 1163265-1171456

Group 143: (Blocks 4685824-4718591) csum 0x1d56 [INODE_UNINIT, ITABLE_ZEROED]

  32768 free blocks, 8192 free inodes, 0 directories, 8192 unused inodes

  Free inodes: 1171457-1179648

Group 144: (Blocks 4718592-4751359) csum 0x48a8 [INODE_UNINIT, ITABLE_ZEROED]

  2016 free blocks, 8192 free inodes, 0 directories, 8192 unused inodes

  Free inodes: 1179649-1187840

Group 145: (Blocks 4751360-4784127) csum 0x197e [INODE_UNINIT, ITABLE_ZEROED]

  32768 free blocks, 8192 free inodes, 0 directories, 8192 unused inodes

  Free inodes: 1187841-1196032

Group 146: (Blocks 4784128-4816895) csum 0x4df2 [INODE_UNINIT, ITABLE_ZEROED]

  32768 free blocks, 8192 free inodes, 0 directories, 8192 unused inodes

  Free inodes: 1196033-1204224

Group 147: (Blocks 4816896-4849663) csum 0x53d9 [INODE_UNINIT, ITABLE_ZEROED]

  32768 free blocks, 8192 free inodes, 0 directories, 8192 unused inodes

  Free inodes: 1204225-1212416

Group 148: (Blocks 4849664-4882431) csum 0x921b [INODE_UNINIT, ITABLE_ZEROED]

  32768 free blocks, 8192 free inodes, 0 directories, 8192 unused inodes

  Free inodes: 1212417-1220608

Group 149: (Blocks 4882432-4915199) csum 0x8c30 [INODE_UNINIT, ITABLE_ZEROED]

  32768 free blocks, 8192 free inodes, 0 directories, 8192 unused inodes

  Free inodes: 1220609-1228800

Group 150: (Blocks 4915200-4947967) csum 0xd8bc [INODE_UNINIT, ITABLE_ZEROED]

  32768 free blocks, 8192 free inodes, 0 directories, 8192 unused inodes

  Free inodes: 1228801-1236992

Group 151: (Blocks 4947968-4980735) csum 0xc697 [INODE_UNINIT, ITABLE_ZEROED]

  32768 free blocks, 8192 free inodes, 0 directories, 8192 unused inodes

  Free inodes: 1236993-1245184

Group 152: (Blocks 4980736-5013503) csum 0x5b38 [INODE_UNINIT, ITABLE_ZEROED]

  32768 free blocks, 8192 free inodes, 0 directories, 8192 unused inodes

  Free inodes: 1245185-1253376

Group 153: (Blocks 5013504-5046271) csum 0x4513 [INODE_UNINIT, ITABLE_ZEROED]

  32768 free blocks, 8192 free inodes, 0 directories, 8192 unused inodes

  Free inodes: 1253377-1261568

Group 154: (Blocks 5046272-5079039) csum 0x119f [INODE_UNINIT, ITABLE_ZEROED]

  32768 free blocks, 8192 free inodes, 0 directories, 8192 unused inodes

  Free inodes: 1261569-1269760

Group 155: (Blocks 5079040-5111807) csum 0x0fb4 [INODE_UNINIT, ITABLE_ZEROED]

  32768 free blocks, 8192 free inodes, 0 directories, 8192 unused inodes

  Free inodes: 1269761-1277952

Group 156: (Blocks 5111808-5144575) csum 0xce76 [INODE_UNINIT, ITABLE_ZEROED]

  32768 free blocks, 8192 free inodes, 0 directories, 8192 unused inodes

  Free inodes: 1277953-1286144

Group 157: (Blocks 5144576-5177343) csum 0xd05d [INODE_UNINIT, ITABLE_ZEROED]

  32768 free blocks, 8192 free inodes, 0 directories, 8192 unused inodes

  Free inodes: 1286145-1294336

Group 158: (Blocks 5177344-5210111) csum 0x84d1 [INODE_UNINIT, ITABLE_ZEROED]

  32768 free blocks, 8192 free inodes, 0 directories, 8192 unused inodes

  Free inodes: 1294337-1302528

Group 159: (Blocks 5210112-5242879) csum 0x9afa [INODE_UNINIT, ITABLE_ZEROED]

  32768 free blocks, 8192 free inodes, 0 directories, 8192 unused inodes

  Free inodes: 1302529-1310720

Group 160: (Blocks 5242880-5275647) csum 0xee23 [ITABLE_ZEROED]

  2014 free blocks, 8184 free inodes, 2 directories, 8181 unused inodes

  Free inodes: 1310728, 1310730-1318912

Group 161: (Blocks 5275648-5308415) csum 0x918a [INODE_UNINIT, ITABLE_ZEROED]

  32768 free blocks, 8192 free inodes, 0 directories, 8192 unused inodes

  Free inodes: 1318913-1327104

Group 162: (Blocks 5308416-5341183) csum 0xc506 [INODE_UNINIT, ITABLE_ZEROED]

  32768 free blocks, 8192 free inodes, 0 directories, 8192 unused inodes

  Free inodes: 1327105-1335296

Group 163: (Blocks 5341184-5373951) csum 0xdb2d [INODE_UNINIT, ITABLE_ZEROED]

  32768 free blocks, 8192 free inodes, 0 directories, 8192 unused inodes

  Free inodes: 1335297-1343488

Group 164: (Blocks 5373952-5406719) csum 0x1aef [INODE_UNINIT, ITABLE_ZEROED]

  32768 free blocks, 8192 free inodes, 0 directories, 8192 unused inodes

  Free inodes: 1343489-1351680

Group 165: (Blocks 5406720-5439487) csum 0x04c4 [INODE_UNINIT, ITABLE_ZEROED]

  32768 free blocks, 8192 free inodes, 0 directories, 8192 unused inodes

  Free inodes: 1351681-1359872

Group 166: (Blocks 5439488-5472255) csum 0x5048 [INODE_UNINIT, ITABLE_ZEROED]

  32768 free blocks, 8192 free inodes, 0 directories, 8192 unused inodes

  Free inodes: 1359873-1368064

Group 167: (Blocks 5472256-5505023) csum 0x4e63 [INODE_UNINIT, ITABLE_ZEROED]

  32768 free blocks, 8192 free inodes, 0 directories, 8192 unused inodes

  Free inodes: 1368065-1376256

Group 168: (Blocks 5505024-5537791) csum 0xd3cc [INODE_UNINIT, ITABLE_ZEROED]

  32768 free blocks, 8192 free inodes, 0 directories, 8192 unused inodes

  Free inodes: 1376257-1384448

Group 169: (Blocks 5537792-5570559) csum 0xcde7 [INODE_UNINIT, ITABLE_ZEROED]

  32768 free blocks, 8192 free inodes, 0 directories, 8192 unused inodes

  Free inodes: 1384449-1392640

Group 170: (Blocks 5570560-5603327) csum 0x996b [INODE_UNINIT, ITABLE_ZEROED]

  32768 free blocks, 8192 free inodes, 0 directories, 8192 unused inodes

  Free inodes: 1392641-1400832

Group 171: (Blocks 5603328-5636095) csum 0x8740 [INODE_UNINIT, ITABLE_ZEROED]

  32768 free blocks, 8192 free inodes, 0 directories, 8192 unused inodes

  Free inodes: 1400833-1409024

Group 172: (Blocks 5636096-5668863) csum 0x4682 [INODE_UNINIT, ITABLE_ZEROED]

  32768 free blocks, 8192 free inodes, 0 directories, 8192 unused inodes

  Free inodes: 1409025-1417216

Group 173: (Blocks 5668864-5701631) csum 0x58a9 [INODE_UNINIT, ITABLE_ZEROED]

  32768 free blocks, 8192 free inodes, 0 directories, 8192 unused inodes

  Free inodes: 1417217-1425408

Group 174: (Blocks 5701632-5734399) csum 0x0c25 [INODE_UNINIT, ITABLE_ZEROED]

  32768 free blocks, 8192 free inodes, 0 directories, 8192 unused inodes

  Free inodes: 1425409-1433600

Group 175: (Blocks 5734400-5767167) csum 0x120e [INODE_UNINIT, ITABLE_ZEROED]

  32768 free blocks, 8192 free inodes, 0 directories, 8192 unused inodes

  Free inodes: 1433601-1441792

Group 176: (Blocks 5767168-5799935) csum 0xf691 [ITABLE_ZEROED]

  4055 free blocks, 8192 free inodes, 0 directories, 8181 unused inodes

  Free inodes: 1441793-1449984

Group 177: (Blocks 5799936-5832703) csum 0x1626 [INODE_UNINIT, ITABLE_ZEROED]

  32768 free blocks, 8192 free inodes, 0 directories, 8192 unused inodes

  Free inodes: 1449985-1458176

Group 178: (Blocks 5832704-5865471) csum 0x42aa [INODE_UNINIT, ITABLE_ZEROED]

  32768 free blocks, 8192 free inodes, 0 directories, 8192 unused inodes

  Free inodes: 1458177-1466368

Group 179: (Blocks 5865472-5898239) csum 0x5c81 [INODE_UNINIT, ITABLE_ZEROED]

  32768 free blocks, 8192 free inodes, 0 directories, 8192 unused inodes

  Free inodes: 1466369-1474560

Group 180: (Blocks 5898240-5931007) csum 0x9d43 [INODE_UNINIT, ITABLE_ZEROED]

  32768 free blocks, 8192 free inodes, 0 directories, 8192 unused inodes

  Free inodes: 1474561-1482752

Group 181: (Blocks 5931008-5963775) csum 0x8368 [INODE_UNINIT, ITABLE_ZEROED]

  32768 free blocks, 8192 free inodes, 0 directories, 8192 unused inodes

  Free inodes: 1482753-1490944

Group 182: (Blocks 5963776-5996543) csum 0xd7e4 [INODE_UNINIT, ITABLE_ZEROED]

  32768 free blocks, 8192 free inodes, 0 directories, 8192 unused inodes

  Free inodes: 1490945-1499136

Group 183: (Blocks 5996544-6029311) csum 0xc9cf [INODE_UNINIT, ITABLE_ZEROED]

  32768 free blocks, 8192 free inodes, 0 directories, 8192 unused inodes

  Free inodes: 1499137-1507328

Group 184: (Blocks 6029312-6062079) csum 0x5460 [INODE_UNINIT, ITABLE_ZEROED]

  32768 free blocks, 8192 free inodes, 0 directories, 8192 unused inodes

  Free inodes: 1507329-1515520

Group 185: (Blocks 6062080-6094847) csum 0x4a4b [INODE_UNINIT, ITABLE_ZEROED]

  32768 free blocks, 8192 free inodes, 0 directories, 8192 unused inodes

  Free inodes: 1515521-1523712

Group 186: (Blocks 6094848-6127615) csum 0x1ec7 [INODE_UNINIT, ITABLE_ZEROED]

  32768 free blocks, 8192 free inodes, 0 directories, 8192 unused inodes

  Free inodes: 1523713-1531904

Group 187: (Blocks 6127616-6160383) csum 0x00ec [INODE_UNINIT, ITABLE_ZEROED]

  32768 free blocks, 8192 free inodes, 0 directories, 8192 unused inodes

  Free inodes: 1531905-1540096

Group 188: (Blocks 6160384-6193151) csum 0xc12e [INODE_UNINIT, ITABLE_ZEROED]

  32768 free blocks, 8192 free inodes, 0 directories, 8192 unused inodes

  Free inodes: 1540097-1548288

Group 189: (Blocks 6193152-6225919) csum 0xdf05 [INODE_UNINIT, ITABLE_ZEROED]

  32768 free blocks, 8192 free inodes, 0 directories, 8192 unused inodes

  Free inodes: 1548289-1556480

Group 190: (Blocks 6225920-6258687) csum 0x8b89 [INODE_UNINIT, ITABLE_ZEROED]

  32768 free blocks, 8192 free inodes, 0 directories, 8192 unused inodes

  Free inodes: 1556481-1564672

Group 191: (Blocks 6258688-6291455) csum 0x95a2 [INODE_UNINIT, ITABLE_ZEROED]

  32768 free blocks, 8192 free inodes, 0 directories, 8192 unused inodes

  Free inodes: 1564673-1572864

Group 192: (Blocks 6291456-6324223) csum 0xa745 [INODE_UNINIT, ITABLE_ZEROED]

  2016 free blocks, 8192 free inodes, 0 directories, 8192 unused inodes

  Free inodes: 1572865-1581056

Group 193: (Blocks 6324224-6356991) csum 0xf693 [INODE_UNINIT, ITABLE_ZEROED]

  32768 free blocks, 8192 free inodes, 0 directories, 8192 unused inodes

  Free inodes: 1581057-1589248

Group 194: (Blocks 6356992-6389759) csum 0xa21f [INODE_UNINIT, ITABLE_ZEROED]

  32768 free blocks, 8192 free inodes, 0 directories, 8192 unused inodes

  Free inodes: 1589249-1597440

Group 195: (Blocks 6389760-6422527) csum 0xbc34 [INODE_UNINIT, ITABLE_ZEROED]

  32768 free blocks, 8192 free inodes, 0 directories, 8192 unused inodes

  Free inodes: 1597441-1605632

Group 196: (Blocks 6422528-6455295) csum 0x7df6 [INODE_UNINIT, ITABLE_ZEROED]

  32768 free blocks, 8192 free inodes, 0 directories, 8192 unused inodes

  Free inodes: 1605633-1613824

Group 197: (Blocks 6455296-6488063) csum 0x63dd [INODE_UNINIT, ITABLE_ZEROED]

  32768 free blocks, 8192 free inodes, 0 directories, 8192 unused inodes

  Free inodes: 1613825-1622016

Group 198: (Blocks 6488064-6520831) csum 0x3751 [INODE_UNINIT, ITABLE_ZEROED]

  32768 free blocks, 8192 free inodes, 0 directories, 8192 unused inodes

  Free inodes: 1622017-1630208

Group 199: (Blocks 6520832-6553599) csum 0x297a [INODE_UNINIT, ITABLE_ZEROED]

  32768 free blocks, 8192 free inodes, 0 directories, 8192 unused inodes

  Free inodes: 1630209-1638400

Group 200: (Blocks 6553600-6586367) csum 0xb4d5 [INODE_UNINIT, ITABLE_ZEROED]

  32768 free blocks, 8192 free inodes, 0 directories, 8192 unused inodes

  Free inodes: 1638401-1646592

Group 201: (Blocks 6586368-6619135) csum 0xaafe [INODE_UNINIT, ITABLE_ZEROED]

  32768 free blocks, 8192 free inodes, 0 directories, 8192 unused inodes

  Free inodes: 1646593-1654784

Group 202: (Blocks 6619136-6651903) csum 0xfe72 [INODE_UNINIT, ITABLE_ZEROED]

  32768 free blocks, 8192 free inodes, 0 directories, 8192 unused inodes

  Free inodes: 1654785-1662976

Group 203: (Blocks 6651904-6684671) csum 0xe059 [INODE_UNINIT, ITABLE_ZEROED]

  32768 free blocks, 8192 free inodes, 0 directories, 8192 unused inodes

  Free inodes: 1662977-1671168

Group 204: (Blocks 6684672-6717439) csum 0x219b [INODE_UNINIT, ITABLE_ZEROED]

  32768 free blocks, 8192 free inodes, 0 directories, 8192 unused inodes

  Free inodes: 1671169-1679360

Group 205: (Blocks 6717440-6750207) csum 0x3fb0 [INODE_UNINIT, ITABLE_ZEROED]

  32768 free blocks, 8192 free inodes, 0 directories, 8192 unused inodes

  Free inodes: 1679361-1687552

Group 206: (Blocks 6750208-6782975) csum 0x6b3c [INODE_UNINIT, ITABLE_ZEROED]

  32768 free blocks, 8192 free inodes, 0 directories, 8192 unused inodes

  Free inodes: 1687553-1695744

Group 207: (Blocks 6782976-6815743) csum 0x7517 [INODE_UNINIT, ITABLE_ZEROED]

  32768 free blocks, 8192 free inodes, 0 directories, 8192 unused inodes

  Free inodes: 1695745-1703936

Group 208: (Blocks 6815744-6848511) csum 0x7004 [ITABLE_ZEROED]

  2016 free blocks, 8192 free inodes, 0 directories, 8188 unused inodes

  Free inodes: 1703937-1712128

Group 209: (Blocks 6848512-6881279) csum 0x713f [INODE_UNINIT, ITABLE_ZEROED]

  32768 free blocks, 8192 free inodes, 0 directories, 8192 unused inodes

  Free inodes: 1712129-1720320

Group 210: (Blocks 6881280-6914047) csum 0x25b3 [INODE_UNINIT, ITABLE_ZEROED]

  32768 free blocks, 8192 free inodes, 0 directories, 8192 unused inodes

  Free inodes: 1720321-1728512

Group 211: (Blocks 6914048-6946815) csum 0x3b98 [INODE_UNINIT, ITABLE_ZEROED]

  32768 free blocks, 8192 free inodes, 0 directories, 8192 unused inodes

  Free inodes: 1728513-1736704

Group 212: (Blocks 6946816-6979583) csum 0xfa5a [INODE_UNINIT, ITABLE_ZEROED]

  32768 free blocks, 8192 free inodes, 0 directories, 8192 unused inodes

  Free inodes: 1736705-1744896

Group 213: (Blocks 6979584-7012351) csum 0xe471 [INODE_UNINIT, ITABLE_ZEROED]

  32768 free blocks, 8192 free inodes, 0 directories, 8192 unused inodes

  Free inodes: 1744897-1753088

Group 214: (Blocks 7012352-7045119) csum 0xb0fd [INODE_UNINIT, ITABLE_ZEROED]

  32768 free blocks, 8192 free inodes, 0 directories, 8192 unused inodes

  Free inodes: 1753089-1761280

Group 215: (Blocks 7045120-7077887) csum 0xaed6 [INODE_UNINIT, ITABLE_ZEROED]

  32768 free blocks, 8192 free inodes, 0 directories, 8192 unused inodes

  Free inodes: 1761281-1769472

Group 216: (Blocks 7077888-7110655) csum 0x3379 [INODE_UNINIT, ITABLE_ZEROED]

  32768 free blocks, 8192 free inodes, 0 directories, 8192 unused inodes

  Free inodes: 1769473-1777664

Group 217: (Blocks 7110656-7143423) csum 0x2d52 [INODE_UNINIT, ITABLE_ZEROED]

  32768 free blocks, 8192 free inodes, 0 directories, 8192 unused inodes

  Free inodes: 1777665-1785856

Group 218: (Blocks 7143424-7176191) csum 0x79de [INODE_UNINIT, ITABLE_ZEROED]

  32768 free blocks, 8192 free inodes, 0 directories, 8192 unused inodes

  Free inodes: 1785857-1794048

Group 219: (Blocks 7176192-7208959) csum 0x67f5 [INODE_UNINIT, ITABLE_ZEROED]

  32768 free blocks, 8192 free inodes, 0 directories, 8192 unused inodes

  Free inodes: 1794049-1802240

Group 220: (Blocks 7208960-7241727) csum 0xa637 [INODE_UNINIT, ITABLE_ZEROED]

  32768 free blocks, 8192 free inodes, 0 directories, 8192 unused inodes

  Free inodes: 1802241-1810432

Group 221: (Blocks 7241728-7274495) csum 0xb81c [INODE_UNINIT, ITABLE_ZEROED]

  32768 free blocks, 8192 free inodes, 0 directories, 8192 unused inodes

  Free inodes: 1810433-1818624

Group 222: (Blocks 7274496-7307263) csum 0xec90 [INODE_UNINIT, ITABLE_ZEROED]

  32768 free blocks, 8192 free inodes, 0 directories, 8192 unused inodes

  Free inodes: 1818625-1826816

Group 223: (Blocks 7307264-7340031) csum 0xf2bb [INODE_UNINIT, ITABLE_ZEROED]

  32768 free blocks, 8192 free inodes, 0 directories, 8192 unused inodes

  Free inodes: 1826817-1835008

Group 224: (Blocks 7340032-7372799) csum 0xa81d [INODE_UNINIT, ITABLE_ZEROED]

  2016 free blocks, 8192 free inodes, 0 directories, 8192 unused inodes

  Free inodes: 1835009-1843200

Group 225: (Blocks 7372800-7405567) csum 0xf9cb [INODE_UNINIT, ITABLE_ZEROED]

  32768 free blocks, 8192 free inodes, 0 directories, 8192 unused inodes

  Free inodes: 1843201-1851392

Group 226: (Blocks 7405568-7438335) csum 0xad47 [INODE_UNINIT, ITABLE_ZEROED]

  32768 free blocks, 8192 free inodes, 0 directories, 8192 unused inodes

  Free inodes: 1851393-1859584

Group 227: (Blocks 7438336-7471103) csum 0xb36c [INODE_UNINIT, ITABLE_ZEROED]

  32768 free blocks, 8192 free inodes, 0 directories, 8192 unused inodes

  Free inodes: 1859585-1867776

Group 228: (Blocks 7471104-7503871) csum 0x72ae [INODE_UNINIT, ITABLE_ZEROED]

  32768 free blocks, 8192 free inodes, 0 directories, 8192 unused inodes

  Free inodes: 1867777-1875968

Group 229: (Blocks 7503872-7536639) csum 0x6c85 [INODE_UNINIT, ITABLE_ZEROED]

  32768 free blocks, 8192 free inodes, 0 directories, 8192 unused inodes

  Free inodes: 1875969-1884160

Group 230: (Blocks 7536640-7569407) csum 0x3809 [INODE_UNINIT, ITABLE_ZEROED]

  32768 free blocks, 8192 free inodes, 0 directories, 8192 unused inodes

  Free inodes: 1884161-1892352

Group 231: (Blocks 7569408-7602175) csum 0x2622 [INODE_UNINIT, ITABLE_ZEROED]

  32768 free blocks, 8192 free inodes, 0 directories, 8192 unused inodes

  Free inodes: 1892353-1900544

Group 232: (Blocks 7602176-7634943) csum 0xbb8d [INODE_UNINIT, ITABLE_ZEROED]

  32768 free blocks, 8192 free inodes, 0 directories, 8192 unused inodes

  Free inodes: 1900545-1908736

Group 233: (Blocks 7634944-7667711) csum 0xa5a6 [INODE_UNINIT, ITABLE_ZEROED]

  32768 free blocks, 8192 free inodes, 0 directories, 8192 unused inodes

  Free inodes: 1908737-1916928

Group 234: (Blocks 7667712-7700479) csum 0xf12a [INODE_UNINIT, ITABLE_ZEROED]

  32768 free blocks, 8192 free inodes, 0 directories, 8192 unused inodes

  Free inodes: 1916929-1925120

Group 235: (Blocks 7700480-7733247) csum 0xef01 [INODE_UNINIT, ITABLE_ZEROED]

  32768 free blocks, 8192 free inodes, 0 directories, 8192 unused inodes

  Free inodes: 1925121-1933312

Group 236: (Blocks 7733248-7766015) csum 0x2ec3 [INODE_UNINIT, ITABLE_ZEROED]

  32768 free blocks, 8192 free inodes, 0 directories, 8192 unused inodes

  Free inodes: 1933313-1941504

Group 237: (Blocks 7766016-7798783) csum 0x30e8 [INODE_UNINIT, ITABLE_ZEROED]

  32768 free blocks, 8192 free inodes, 0 directories, 8192 unused inodes

  Free inodes: 1941505-1949696

Group 238: (Blocks 7798784-7831551) csum 0x6464 [INODE_UNINIT, ITABLE_ZEROED]

  32768 free blocks, 8192 free inodes, 0 directories, 8192 unused inodes

  Free inodes: 1949697-1957888

Group 239: (Blocks 7831552-7864319) csum 0x7a4f [INODE_UNINIT, ITABLE_ZEROED]

  32768 free blocks, 8192 free inodes, 0 directories, 8192 unused inodes

  Free inodes: 1957889-1966080

Group 240: (Blocks 7864320-7897087) csum 0x7c75 [INODE_UNINIT, ITABLE_ZEROED]

  2016 free blocks, 8192 free inodes, 0 directories, 8192 unused inodes

  Free inodes: 1966081-1974272

Group 241: (Blocks 7897088-7929855) csum 0x2da3 [INODE_UNINIT, ITABLE_ZEROED]

  32768 free blocks, 8192 free inodes, 0 directories, 8192 unused inodes

  Free inodes: 1974273-1982464

Group 242: (Blocks 7929856-7962623) csum 0x792f [INODE_UNINIT, ITABLE_ZEROED]

  32768 free blocks, 8192 free inodes, 0 directories, 8192 unused inodes

  Free inodes: 1982465-1990656

Group 243: (Blocks 7962624-7995391) csum 0xe61d [INODE_UNINIT, ITABLE_ZEROED]

  31739 free blocks, 8192 free inodes, 0 directories, 8192 unused inodes

  Free inodes: 1990657-1998848

Group 244: (Blocks 7995392-8028159) csum 0xa6c6 [INODE_UNINIT, ITABLE_ZEROED]

  32768 free blocks, 8192 free inodes, 0 directories, 8192 unused inodes

  Free inodes: 1998849-2007040

Group 245: (Blocks 8028160-8060927) csum 0xb8ed [INODE_UNINIT, ITABLE_ZEROED]

  32768 free blocks, 8192 free inodes, 0 directories, 8192 unused inodes

  Free inodes: 2007041-2015232

Group 246: (Blocks 8060928-8093695) csum 0xec61 [INODE_UNINIT, ITABLE_ZEROED]

  32768 free blocks, 8192 free inodes, 0 directories, 8192 unused inodes

  Free inodes: 2015233-2023424

Group 247: (Blocks 8093696-8126463) csum 0xf24a [INODE_UNINIT, ITABLE_ZEROED]

  32768 free blocks, 8192 free inodes, 0 directories, 8192 unused inodes

  Free inodes: 2023425-2031616

Group 248: (Blocks 8126464-8159231) csum 0x6fe5 [INODE_UNINIT, ITABLE_ZEROED]

  32768 free blocks, 8192 free inodes, 0 directories, 8192 unused inodes

  Free inodes: 2031617-2039808

Group 249: (Blocks 8159232-8191999) csum 0x71ce [INODE_UNINIT, ITABLE_ZEROED]

  32768 free blocks, 8192 free inodes, 0 directories, 8192 unused inodes

  Free inodes: 2039809-2048000

Group 250: (Blocks 8192000-8224767) csum 0x2542 [INODE_UNINIT, ITABLE_ZEROED]

  32768 free blocks, 8192 free inodes, 0 directories, 8192 unused inodes

  Free inodes: 2048001-2056192

Group 251: (Blocks 8224768-8257535) csum 0x3b69 [INODE_UNINIT, ITABLE_ZEROED]

  32768 free blocks, 8192 free inodes, 0 directories, 8192 unused inodes

  Free inodes: 2056193-2064384

Group 252: (Blocks 8257536-8290303) csum 0xfaab [INODE_UNINIT, ITABLE_ZEROED]

  32768 free blocks, 8192 free inodes, 0 directories, 8192 unused inodes

  Free inodes: 2064385-2072576

Group 253: (Blocks 8290304-8323071) csum 0xe480 [INODE_UNINIT, ITABLE_ZEROED]

  32768 free blocks, 8192 free inodes, 0 directories, 8192 unused inodes

  Free inodes: 2072577-2080768

Group 254: (Blocks 8323072-8355839) csum 0xb00c [INODE_UNINIT, ITABLE_ZEROED]

  32768 free blocks, 8192 free inodes, 0 directories, 8192 unused inodes

  Free inodes: 2080769-2088960

Group 255: (Blocks 8355840-8388607) csum 0xae27 [INODE_UNINIT, ITABLE_ZEROED]

  32768 free blocks, 8192 free inodes, 0 directories, 8192 unused inodes

  Free inodes: 2088961-2097152

Group 256: (Blocks 8388608-8421375) csum 0xed46 [INODE_UNINIT, ITABLE_ZEROED]

  2016 free blocks, 8192 free inodes, 0 directories, 8192 unused inodes

  Free inodes: 2097153-2105344

Group 257: (Blocks 8421376-8454143) csum 0xbc90 [INODE_UNINIT, ITABLE_ZEROED]

  32768 free blocks, 8192 free inodes, 0 directories, 8192 unused inodes

  Free inodes: 2105345-2113536

Group 258: (Blocks 8454144-8486911) csum 0xe81c [INODE_UNINIT, ITABLE_ZEROED]

  32768 free blocks, 8192 free inodes, 0 directories, 8192 unused inodes

  Free inodes: 2113537-2121728

Group 259: (Blocks 8486912-8519679) csum 0xf637 [INODE_UNINIT, ITABLE_ZEROED]

  32768 free blocks, 8192 free inodes, 0 directories, 8192 unused inodes

  Free inodes: 2121729-2129920

Group 260: (Blocks 8519680-8552447) csum 0x37f5 [INODE_UNINIT, ITABLE_ZEROED]

  32768 free blocks, 8192 free inodes, 0 directories, 8192 unused inodes

  Free inodes: 2129921-2138112

Group 261: (Blocks 8552448-8585215) csum 0x29de [INODE_UNINIT, ITABLE_ZEROED]

  32768 free blocks, 8192 free inodes, 0 directories, 8192 unused inodes

  Free inodes: 2138113-2146304

Group 262: (Blocks 8585216-8617983) csum 0x7d52 [INODE_UNINIT, ITABLE_ZEROED]

  32768 free blocks, 8192 free inodes, 0 directories, 8192 unused inodes

  Free inodes: 2146305-2154496

Group 263: (Blocks 8617984-8650751) csum 0x6379 [INODE_UNINIT, ITABLE_ZEROED]

  32768 free blocks, 8192 free inodes, 0 directories, 8192 unused inodes

  Free inodes: 2154497-2162688

Group 264: (Blocks 8650752-8683519) csum 0xfed6 [INODE_UNINIT, ITABLE_ZEROED]

  32768 free blocks, 8192 free inodes, 0 directories, 8192 unused inodes

  Free inodes: 2162689-2170880

Group 265: (Blocks 8683520-8716287) csum 0xe0fd [INODE_UNINIT, ITABLE_ZEROED]

  32768 free blocks, 8192 free inodes, 0 directories, 8192 unused inodes

  Free inodes: 2170881-2179072

Group 266: (Blocks 8716288-8749055) csum 0xb471 [INODE_UNINIT, ITABLE_ZEROED]

  32768 free blocks, 8192 free inodes, 0 directories, 8192 unused inodes

  Free inodes: 2179073-2187264

Group 267: (Blocks 8749056-8781823) csum 0xaa5a [INODE_UNINIT, ITABLE_ZEROED]

  32768 free blocks, 8192 free inodes, 0 directories, 8192 unused inodes

  Free inodes: 2187265-2195456

Group 268: (Blocks 8781824-8814591) csum 0x6b98 [INODE_UNINIT, ITABLE_ZEROED]

  32768 free blocks, 8192 free inodes, 0 directories, 8192 unused inodes

  Free inodes: 2195457-2203648

Group 269: (Blocks 8814592-8847359) csum 0x75b3 [INODE_UNINIT, ITABLE_ZEROED]

  32768 free blocks, 8192 free inodes, 0 directories, 8192 unused inodes

  Free inodes: 2203649-2211840

Group 270: (Blocks 8847360-8880127) csum 0x213f [INODE_UNINIT, ITABLE_ZEROED]

  32768 free blocks, 8192 free inodes, 0 directories, 8192 unused inodes

  Free inodes: 2211841-2220032

Group 271: (Blocks 8880128-8912895) csum 0x3f14 [INODE_UNINIT, ITABLE_ZEROED]

  32768 free blocks, 8192 free inodes, 0 directories, 8192 unused inodes

  Free inodes: 2220033-2228224

Group 272: (Blocks 8912896-8945663) csum 0x6aea [INODE_UNINIT, ITABLE_ZEROED]

  2016 free blocks, 8192 free inodes, 0 directories, 8192 unused inodes

  Free inodes: 2228225-2236416

Group 273: (Blocks 8945664-8978431) csum 0x3b3c [INODE_UNINIT, ITABLE_ZEROED]

  32768 free blocks, 8192 free inodes, 0 directories, 8192 unused inodes

  Free inodes: 2236417-2244608

Group 274: (Blocks 8978432-9011199) csum 0x6fb0 [INODE_UNINIT, ITABLE_ZEROED]

  32768 free blocks, 8192 free inodes, 0 directories, 8192 unused inodes

  Free inodes: 2244609-2252800

Group 275: (Blocks 9011200-9043967) csum 0x719b [INODE_UNINIT, ITABLE_ZEROED]

  32768 free blocks, 8192 free inodes, 0 directories, 8192 unused inodes

  Free inodes: 2252801-2260992

Group 276: (Blocks 9043968-9076735) csum 0xb059 [INODE_UNINIT, ITABLE_ZEROED]

  32768 free blocks, 8192 free inodes, 0 directories, 8192 unused inodes

  Free inodes: 2260993-2269184

Group 277: (Blocks 9076736-9109503) csum 0xae72 [INODE_UNINIT, ITABLE_ZEROED]

  32768 free blocks, 8192 free inodes, 0 directories, 8192 unused inodes

  Free inodes: 2269185-2277376

Group 278: (Blocks 9109504-9142271) csum 0xfafe [INODE_UNINIT, ITABLE_ZEROED]

  32768 free blocks, 8192 free inodes, 0 directories, 8192 unused inodes

  Free inodes: 2277377-2285568

Group 279: (Blocks 9142272-9175039) csum 0xe4d5 [INODE_UNINIT, ITABLE_ZEROED]

  32768 free blocks, 8192 free inodes, 0 directories, 8192 unused inodes

  Free inodes: 2285569-2293760

Group 280: (Blocks 9175040-9207807) csum 0x797a [INODE_UNINIT, ITABLE_ZEROED]

  32768 free blocks, 8192 free inodes, 0 directories, 8192 unused inodes

  Free inodes: 2293761-2301952

Group 281: (Blocks 9207808-9240575) csum 0x6751 [INODE_UNINIT, ITABLE_ZEROED]

  32768 free blocks, 8192 free inodes, 0 directories, 8192 unused inodes

  Free inodes: 2301953-2310144

Group 282: (Blocks 9240576-9273343) csum 0x33dd [INODE_UNINIT, ITABLE_ZEROED]

  32768 free blocks, 8192 free inodes, 0 directories, 8192 unused inodes

  Free inodes: 2310145-2318336

Group 283: (Blocks 9273344-9306111) csum 0x2df6 [INODE_UNINIT, ITABLE_ZEROED]

  32768 free blocks, 8192 free inodes, 0 directories, 8192 unused inodes

  Free inodes: 2318337-2326528

Group 284: (Blocks 9306112-9338879) csum 0xec34 [INODE_UNINIT, ITABLE_ZEROED]

  32768 free blocks, 8192 free inodes, 0 directories, 8192 unused inodes

  Free inodes: 2326529-2334720

Group 285: (Blocks 9338880-9371647) csum 0xf21f [INODE_UNINIT, ITABLE_ZEROED]

  32768 free blocks, 8192 free inodes, 0 directories, 8192 unused inodes

  Free inodes: 2334721-2342912

Group 286: (Blocks 9371648-9404415) csum 0xa693 [INODE_UNINIT, ITABLE_ZEROED]

  32768 free blocks, 8192 free inodes, 0 directories, 8192 unused inodes

  Free inodes: 2342913-2351104

Group 287: (Blocks 9404416-9437183) csum 0xb8b8 [INODE_UNINIT, ITABLE_ZEROED]

  32768 free blocks, 8192 free inodes, 0 directories, 8192 unused inodes

  Free inodes: 2351105-2359296

Group 288: (Blocks 9437184-9469951) csum 0xe21e [INODE_UNINIT, ITABLE_ZEROED]

  2016 free blocks, 8192 free inodes, 0 directories, 8192 unused inodes

  Free inodes: 2359297-2367488

Group 289: (Blocks 9469952-9502719) csum 0xb3c8 [INODE_UNINIT, ITABLE_ZEROED]

  32768 free blocks, 8192 free inodes, 0 directories, 8192 unused inodes

  Free inodes: 2367489-2375680

Group 290: (Blocks 9502720-9535487) csum 0xe744 [INODE_UNINIT, ITABLE_ZEROED]

  32768 free blocks, 8192 free inodes, 0 directories, 8192 unused inodes

  Free inodes: 2375681-2383872

Group 291: (Blocks 9535488-9568255) csum 0xf96f [INODE_UNINIT, ITABLE_ZEROED]

  32768 free blocks, 8192 free inodes, 0 directories, 8192 unused inodes

  Free inodes: 2383873-2392064

Group 292: (Blocks 9568256-9601023) csum 0x38ad [INODE_UNINIT, ITABLE_ZEROED]

  32768 free blocks, 8192 free inodes, 0 directories, 8192 unused inodes

  Free inodes: 2392065-2400256

Group 293: (Blocks 9601024-9633791) csum 0x2686 [INODE_UNINIT, ITABLE_ZEROED]

  32768 free blocks, 8192 free inodes, 0 directories, 8192 unused inodes

  Free inodes: 2400257-2408448

Group 294: (Blocks 9633792-9666559) csum 0x720a [INODE_UNINIT, ITABLE_ZEROED]

  32768 free blocks, 8192 free inodes, 0 directories, 8192 unused inodes

  Free inodes: 2408449-2416640

Group 295: (Blocks 9666560-9699327) csum 0x6c21 [INODE_UNINIT, ITABLE_ZEROED]

  32768 free blocks, 8192 free inodes, 0 directories, 8192 unused inodes

  Free inodes: 2416641-2424832

Group 296: (Blocks 9699328-9732095) csum 0xf18e [INODE_UNINIT, ITABLE_ZEROED]

  32768 free blocks, 8192 free inodes, 0 directories, 8192 unused inodes

  Free inodes: 2424833-2433024

Group 297: (Blocks 9732096-9764863) csum 0xefa5 [INODE_UNINIT, ITABLE_ZEROED]

  32768 free blocks, 8192 free inodes, 0 directories, 8192 unused inodes

  Free inodes: 2433025-2441216

Group 298: (Blocks 9764864-9797631) csum 0xbb29 [INODE_UNINIT, ITABLE_ZEROED]

  32768 free blocks, 8192 free inodes, 0 directories, 8192 unused inodes

  Free inodes: 2441217-2449408

Group 299: (Blocks 9797632-9830399) csum 0xa502 [INODE_UNINIT, ITABLE_ZEROED]

  32768 free blocks, 8192 free inodes, 0 directories, 8192 unused inodes

  Free inodes: 2449409-2457600

Group 300: (Blocks 9830400-9863167) csum 0x64c0 [INODE_UNINIT, ITABLE_ZEROED]

  32768 free blocks, 8192 free inodes, 0 directories, 8192 unused inodes

  Free inodes: 2457601-2465792

Group 301: (Blocks 9863168-9895935) csum 0x7aeb [INODE_UNINIT, ITABLE_ZEROED]

  32768 free blocks, 8192 free inodes, 0 directories, 8192 unused inodes

  Free inodes: 2465793-2473984

Group 302: (Blocks 9895936-9928703) csum 0x2e67 [INODE_UNINIT, ITABLE_ZEROED]

  32768 free blocks, 8192 free inodes, 0 directories, 8192 unused inodes

  Free inodes: 2473985-2482176

Group 303: (Blocks 9928704-9961471) csum 0x304c [INODE_UNINIT, ITABLE_ZEROED]

  32768 free blocks, 8192 free inodes, 0 directories, 8192 unused inodes

  Free inodes: 2482177-2490368

Group 304: (Blocks 9961472-9994239) csum 0x65b2 [INODE_UNINIT, ITABLE_ZEROED]

  2016 free blocks, 8192 free inodes, 0 directories, 8192 unused inodes

  Free inodes: 2490369-2498560

Group 305: (Blocks 9994240-10027007) csum 0x3464 [INODE_UNINIT, ITABLE_ZEROED]

  32768 free blocks, 8192 free inodes, 0 directories, 8192 unused inodes

  Free inodes: 2498561-2506752

Group 306: (Blocks 10027008-10059775) csum 0x60e8 [INODE_UNINIT, ITABLE_ZEROED]

  32768 free blocks, 8192 free inodes, 0 directories, 8192 unused inodes

  Free inodes: 2506753-2514944

Group 307: (Blocks 10059776-10092543) csum 0x7ec3 [INODE_UNINIT, ITABLE_ZEROED]

  32768 free blocks, 8192 free inodes, 0 directories, 8192 unused inodes

  Free inodes: 2514945-2523136

Group 308: (Blocks 10092544-10125311) csum 0xbf01 [INODE_UNINIT, ITABLE_ZEROED]

  32768 free blocks, 8192 free inodes, 0 directories, 8192 unused inodes

  Free inodes: 2523137-2531328

Group 309: (Blocks 10125312-10158079) csum 0xa12a [INODE_UNINIT, ITABLE_ZEROED]

  32768 free blocks, 8192 free inodes, 0 directories, 8192 unused inodes

  Free inodes: 2531329-2539520

Group 310: (Blocks 10158080-10190847) csum 0xf5a6 [INODE_UNINIT, ITABLE_ZEROED]

  32768 free blocks, 8192 free inodes, 0 directories, 8192 unused inodes

  Free inodes: 2539521-2547712

Group 311: (Blocks 10190848-10223615) csum 0xeb8d [INODE_UNINIT, ITABLE_ZEROED]

  32768 free blocks, 8192 free inodes, 0 directories, 8192 unused inodes

  Free inodes: 2547713-2555904

Group 312: (Blocks 10223616-10256383) csum 0x7622 [INODE_UNINIT, ITABLE_ZEROED]

  32768 free blocks, 8192 free inodes, 0 directories, 8192 unused inodes

  Free inodes: 2555905-2564096

Group 313: (Blocks 10256384-10289151) csum 0x6809 [INODE_UNINIT, ITABLE_ZEROED]

  32768 free blocks, 8192 free inodes, 0 directories, 8192 unused inodes

  Free inodes: 2564097-2572288

Group 314: (Blocks 10289152-10321919) csum 0x3c85 [INODE_UNINIT, ITABLE_ZEROED]

  32768 free blocks, 8192 free inodes, 0 directories, 8192 unused inodes

  Free inodes: 2572289-2580480

Group 315: (Blocks 10321920-10354687) csum 0x22ae [INODE_UNINIT, ITABLE_ZEROED]

  32768 free blocks, 8192 free inodes, 0 directories, 8192 unused inodes

  Free inodes: 2580481-2588672

Group 316: (Blocks 10354688-10387455) csum 0xe36c [INODE_UNINIT, ITABLE_ZEROED]

  32768 free blocks, 8192 free inodes, 0 directories, 8192 unused inodes

  Free inodes: 2588673-2596864

Group 317: (Blocks 10387456-10420223) csum 0xfd47 [INODE_UNINIT, ITABLE_ZEROED]

  32768 free blocks, 8192 free inodes, 0 directories, 8192 unused inodes

  Free inodes: 2596865-2605056

Group 318: (Blocks 10420224-10452991) csum 0xa9cb [INODE_UNINIT, ITABLE_ZEROED]

  32768 free blocks, 8192 free inodes, 0 directories, 8192 unused inodes

  Free inodes: 2605057-2613248

Group 319: (Blocks 10452992-10485759) csum 0xb7e0 [INODE_UNINIT, ITABLE_ZEROED]

  32768 free blocks, 8192 free inodes, 0 directories, 8192 unused inodes

  Free inodes: 2613249-2621440

Group 320: (Blocks 10485760-10518527) csum 0x8507 [INODE_UNINIT, ITABLE_ZEROED]

  2016 free blocks, 8192 free inodes, 0 directories, 8192 unused inodes

  Free inodes: 2621441-2629632

Group 321: (Blocks 10518528-10551295) csum 0xd4d1 [INODE_UNINIT, ITABLE_ZEROED]

  32768 free blocks, 8192 free inodes, 0 directories, 8192 unused inodes

  Free inodes: 2629633-2637824

Group 322: (Blocks 10551296-10584063) csum 0x805d [INODE_UNINIT, ITABLE_ZEROED]

  32768 free blocks, 8192 free inodes, 0 directories, 8192 unused inodes

  Free inodes: 2637825-2646016

Group 323: (Blocks 10584064-10616831) csum 0x9e76 [INODE_UNINIT, ITABLE_ZEROED]

  32768 free blocks, 8192 free inodes, 0 directories, 8192 unused inodes

  Free inodes: 2646017-2654208

Group 324: (Blocks 10616832-10649599) csum 0x5fb4 [INODE_UNINIT, ITABLE_ZEROED]

  32768 free blocks, 8192 free inodes, 0 directories, 8192 unused inodes

  Free inodes: 2654209-2662400

Group 325: (Blocks 10649600-10682367) csum 0x419f [INODE_UNINIT, ITABLE_ZEROED]

  32768 free blocks, 8192 free inodes, 0 directories, 8192 unused inodes

  Free inodes: 2662401-2670592

Group 326: (Blocks 10682368-10715135) csum 0x1513 [INODE_UNINIT, ITABLE_ZEROED]

  32768 free blocks, 8192 free inodes, 0 directories, 8192 unused inodes

  Free inodes: 2670593-2678784

Group 327: (Blocks 10715136-10747903) csum 0x0b38 [INODE_UNINIT, ITABLE_ZEROED]

  32768 free blocks, 8192 free inodes, 0 directories, 8192 unused inodes

  Free inodes: 2678785-2686976

Group 328: (Blocks 10747904-10780671) csum 0x9697 [INODE_UNINIT, ITABLE_ZEROED]

  32768 free blocks, 8192 free inodes, 0 directories, 8192 unused inodes

  Free inodes: 2686977-2695168

Group 329: (Blocks 10780672-10813439) csum 0x88bc [INODE_UNINIT, ITABLE_ZEROED]

  32768 free blocks, 8192 free inodes, 0 directories, 8192 unused inodes

  Free inodes: 2695169-2703360

Group 330: (Blocks 10813440-10846207) csum 0xdc30 [INODE_UNINIT, ITABLE_ZEROED]

  32768 free blocks, 8192 free inodes, 0 directories, 8192 unused inodes

  Free inodes: 2703361-2711552

Group 331: (Blocks 10846208-10878975) csum 0xc21b [INODE_UNINIT, ITABLE_ZEROED]

  32768 free blocks, 8192 free inodes, 0 directories, 8192 unused inodes

  Free inodes: 2711553-2719744

Group 332: (Blocks 10878976-10911743) csum 0x03d9 [INODE_UNINIT, ITABLE_ZEROED]

  32768 free blocks, 8192 free inodes, 0 directories, 8192 unused inodes

  Free inodes: 2719745-2727936

Group 333: (Blocks 10911744-10944511) csum 0x1df2 [INODE_UNINIT, ITABLE_ZEROED]

  32768 free blocks, 8192 free inodes, 0 directories, 8192 unused inodes

  Free inodes: 2727937-2736128

Group 334: (Blocks 10944512-10977279) csum 0x497e [INODE_UNINIT, ITABLE_ZEROED]

  32768 free blocks, 8192 free inodes, 0 directories, 8192 unused inodes

  Free inodes: 2736129-2744320

Group 335: (Blocks 10977280-11010047) csum 0x5755 [INODE_UNINIT, ITABLE_ZEROED]

  32768 free blocks, 8192 free inodes, 0 directories, 8192 unused inodes

  Free inodes: 2744321-2752512

Group 336: (Blocks 11010048-11042815) csum 0x23b6 [ITABLE_ZEROED]

  2016 free blocks, 8192 free inodes, 0 directories, 8187 unused inodes

  Free inodes: 2752513-2760704

Group 337: (Blocks 11042816-11075583) csum 0x537d [INODE_UNINIT, ITABLE_ZEROED]

  32768 free blocks, 8192 free inodes, 0 directories, 8192 unused inodes

  Free inodes: 2760705-2768896

Group 338: (Blocks 11075584-11108351) csum 0x07f1 [INODE_UNINIT, ITABLE_ZEROED]

  32768 free blocks, 8192 free inodes, 0 directories, 8192 unused inodes

  Free inodes: 2768897-2777088

Group 339: (Blocks 11108352-11141119) csum 0x19da [INODE_UNINIT, ITABLE_ZEROED]

  32768 free blocks, 8192 free inodes, 0 directories, 8192 unused inodes

  Free inodes: 2777089-2785280

Group 340: (Blocks 11141120-11173887) csum 0xd818 [INODE_UNINIT, ITABLE_ZEROED]

  32768 free blocks, 8192 free inodes, 0 directories, 8192 unused inodes

  Free inodes: 2785281-2793472

Group 341: (Blocks 11173888-11206655) csum 0xc633 [INODE_UNINIT, ITABLE_ZEROED]

  32768 free blocks, 8192 free inodes, 0 directories, 8192 unused inodes

  Free inodes: 2793473-2801664

Group 342: (Blocks 11206656-11239423) csum 0x92bf [INODE_UNINIT, ITABLE_ZEROED]

  32768 free blocks, 8192 free inodes, 0 directories, 8192 unused inodes

  Free inodes: 2801665-2809856

Group 343: (Blocks 11239424-11272191) csum 0x0d8d [INODE_UNINIT, ITABLE_ZEROED]

  31739 free blocks, 8192 free inodes, 0 directories, 8192 unused inodes

  Free inodes: 2809857-2818048

Group 344: (Blocks 11272192-11304959) csum 0x113b [INODE_UNINIT, ITABLE_ZEROED]

  32768 free blocks, 8192 free inodes, 0 directories, 8192 unused inodes

  Free inodes: 2818049-2826240

Group 345: (Blocks 11304960-11337727) csum 0x0f10 [INODE_UNINIT, ITABLE_ZEROED]

  32768 free blocks, 8192 free inodes, 0 directories, 8192 unused inodes

  Free inodes: 2826241-2834432

Group 346: (Blocks 11337728-11370495) csum 0x5b9c [INODE_UNINIT, ITABLE_ZEROED]

  32768 free blocks, 8192 free inodes, 0 directories, 8192 unused inodes

  Free inodes: 2834433-2842624

Group 347: (Blocks 11370496-11403263) csum 0x45b7 [INODE_UNINIT, ITABLE_ZEROED]

  32768 free blocks, 8192 free inodes, 0 directories, 8192 unused inodes

  Free inodes: 2842625-2850816

Group 348: (Blocks 11403264-11436031) csum 0x8475 [INODE_UNINIT, ITABLE_ZEROED]

  32768 free blocks, 8192 free inodes, 0 directories, 8192 unused inodes

  Free inodes: 2850817-2859008

Group 349: (Blocks 11436032-11468799) csum 0x9a5e [INODE_UNINIT, ITABLE_ZEROED]

  32768 free blocks, 8192 free inodes, 0 directories, 8192 unused inodes

  Free inodes: 2859009-2867200

Group 350: (Blocks 11468800-11501567) csum 0xced2 [INODE_UNINIT, ITABLE_ZEROED]

  32768 free blocks, 8192 free inodes, 0 directories, 8192 unused inodes

  Free inodes: 2867201-2875392

Group 351: (Blocks 11501568-11534335) csum 0xd0f9 [INODE_UNINIT, ITABLE_ZEROED]

  32768 free blocks, 8192 free inodes, 0 directories, 8192 unused inodes

  Free inodes: 2875393-2883584

Group 352: (Blocks 11534336-11567103) csum 0x8a5f [INODE_UNINIT, ITABLE_ZEROED]

  2016 free blocks, 8192 free inodes, 0 directories, 8192 unused inodes

  Free inodes: 2883585-2891776

Group 353: (Blocks 11567104-11599871) csum 0xdb89 [INODE_UNINIT, ITABLE_ZEROED]

  32768 free blocks, 8192 free inodes, 0 directories, 8192 unused inodes

  Free inodes: 2891777-2899968

Group 354: (Blocks 11599872-11632639) csum 0x8f05 [INODE_UNINIT, ITABLE_ZEROED]

  32768 free blocks, 8192 free inodes, 0 directories, 8192 unused inodes

  Free inodes: 2899969-2908160

Group 355: (Blocks 11632640-11665407) csum 0x912e [INODE_UNINIT, ITABLE_ZEROED]

  32768 free blocks, 8192 free inodes, 0 directories, 8192 unused inodes

  Free inodes: 2908161-2916352

Group 356: (Blocks 11665408-11698175) csum 0x50ec [INODE_UNINIT, ITABLE_ZEROED]

  32768 free blocks, 8192 free inodes, 0 directories, 8192 unused inodes

  Free inodes: 2916353-2924544

Group 357: (Blocks 11698176-11730943) csum 0x4ec7 [INODE_UNINIT, ITABLE_ZEROED]

  32768 free blocks, 8192 free inodes, 0 directories, 8192 unused inodes

  Free inodes: 2924545-2932736

Group 358: (Blocks 11730944-11763711) csum 0x1a4b [INODE_UNINIT, ITABLE_ZEROED]

  32768 free blocks, 8192 free inodes, 0 directories, 8192 unused inodes

  Free inodes: 2932737-2940928

Group 359: (Blocks 11763712-11796479) csum 0x0460 [INODE_UNINIT, ITABLE_ZEROED]

  32768 free blocks, 8192 free inodes, 0 directories, 8192 unused inodes

  Free inodes: 2940929-2949120

Group 360: (Blocks 11796480-11829247) csum 0x99cf [INODE_UNINIT, ITABLE_ZEROED]

  32768 free blocks, 8192 free inodes, 0 directories, 8192 unused inodes

  Free inodes: 2949121-2957312

Group 361: (Blocks 11829248-11862015) csum 0x87e4 [INODE_UNINIT, ITABLE_ZEROED]

  32768 free blocks, 8192 free inodes, 0 directories, 8192 unused inodes

  Free inodes: 2957313-2965504

Group 362: (Blocks 11862016-11894783) csum 0xd368 [INODE_UNINIT, ITABLE_ZEROED]

  32768 free blocks, 8192 free inodes, 0 directories, 8192 unused inodes

  Free inodes: 2965505-2973696

Group 363: (Blocks 11894784-11927551) csum 0xcd43 [INODE_UNINIT, ITABLE_ZEROED]

  32768 free blocks, 8192 free inodes, 0 directories, 8192 unused inodes

  Free inodes: 2973697-2981888

Group 364: (Blocks 11927552-11960319) csum 0x0c81 [INODE_UNINIT, ITABLE_ZEROED]

  32768 free blocks, 8192 free inodes, 0 directories, 8192 unused inodes

  Free inodes: 2981889-2990080

Group 365: (Blocks 11960320-11993087) csum 0x12aa [INODE_UNINIT, ITABLE_ZEROED]

  32768 free blocks, 8192 free inodes, 0 directories, 8192 unused inodes

  Free inodes: 2990081-2998272

Group 366: (Blocks 11993088-12025855) csum 0x4626 [INODE_UNINIT, ITABLE_ZEROED]

  32768 free blocks, 8192 free inodes, 0 directories, 8192 unused inodes

  Free inodes: 2998273-3006464

Group 367: (Blocks 12025856-12058623) csum 0x580d [INODE_UNINIT, ITABLE_ZEROED]

  32768 free blocks, 8192 free inodes, 0 directories, 8192 unused inodes

  Free inodes: 3006465-3014656

Group 368: (Blocks 12058624-12091391) csum 0x0df3 [INODE_UNINIT, ITABLE_ZEROED]

  2016 free blocks, 8192 free inodes, 0 directories, 8192 unused inodes

  Free inodes: 3014657-3022848

Group 369: (Blocks 12091392-12124159) csum 0x5c25 [INODE_UNINIT, ITABLE_ZEROED]

  32768 free blocks, 8192 free inodes, 0 directories, 8192 unused inodes

  Free inodes: 3022849-3031040

Group 370: (Blocks 12124160-12156927) csum 0x08a9 [INODE_UNINIT, ITABLE_ZEROED]

  32768 free blocks, 8192 free inodes, 0 directories, 8192 unused inodes

  Free inodes: 3031041-3039232

Group 371: (Blocks 12156928-12189695) csum 0x1682 [INODE_UNINIT, ITABLE_ZEROED]

  32768 free blocks, 8192 free inodes, 0 directories, 8192 unused inodes

  Free inodes: 3039233-3047424

Group 372: (Blocks 12189696-12222463) csum 0xd740 [INODE_UNINIT, ITABLE_ZEROED]

  32768 free blocks, 8192 free inodes, 0 directories, 8192 unused inodes

  Free inodes: 3047425-3055616

Group 373: (Blocks 12222464-12255231) csum 0xc96b [INODE_UNINIT, ITABLE_ZEROED]

  32768 free blocks, 8192 free inodes, 0 directories, 8192 unused inodes

  Free inodes: 3055617-3063808

Group 374: (Blocks 12255232-12287999) csum 0x9de7 [INODE_UNINIT, ITABLE_ZEROED]

  32768 free blocks, 8192 free inodes, 0 directories, 8192 unused inodes

  Free inodes: 3063809-3072000

Group 375: (Blocks 12288000-12320767) csum 0x83cc [INODE_UNINIT, ITABLE_ZEROED]

  32768 free blocks, 8192 free inodes, 0 directories, 8192 unused inodes

  Free inodes: 3072001-3080192

Group 376: (Blocks 12320768-12353535) csum 0x1e63 [INODE_UNINIT, ITABLE_ZEROED]

  32768 free blocks, 8192 free inodes, 0 directories, 8192 unused inodes

  Free inodes: 3080193-3088384

Group 377: (Blocks 12353536-12386303) csum 0x0048 [INODE_UNINIT, ITABLE_ZEROED]

  32768 free blocks, 8192 free inodes, 0 directories, 8192 unused inodes

  Free inodes: 3088385-3096576

Group 378: (Blocks 12386304-12419071) csum 0x54c4 [INODE_UNINIT, ITABLE_ZEROED]

  32768 free blocks, 8192 free inodes, 0 directories, 8192 unused inodes

  Free inodes: 3096577-3104768

Group 379: (Blocks 12419072-12451839) csum 0x4aef [INODE_UNINIT, ITABLE_ZEROED]

  32768 free blocks, 8192 free inodes, 0 directories, 8192 unused inodes

  Free inodes: 3104769-3112960

Group 380: (Blocks 12451840-12484607) csum 0x8b2d [INODE_UNINIT, ITABLE_ZEROED]

  32768 free blocks, 8192 free inodes, 0 directories, 8192 unused inodes

  Free inodes: 3112961-3121152

Group 381: (Blocks 12484608-12517375) csum 0x9506 [INODE_UNINIT, ITABLE_ZEROED]

  32768 free blocks, 8192 free inodes, 0 directories, 8192 unused inodes

  Free inodes: 3121153-3129344

Group 382: (Blocks 12517376-12550143) csum 0xc18a [INODE_UNINIT, ITABLE_ZEROED]

  32768 free blocks, 8192 free inodes, 0 directories, 8192 unused inodes

  Free inodes: 3129345-3137536

Group 383: (Blocks 12550144-12582911) csum 0xdfa1 [INODE_UNINIT, ITABLE_ZEROED]

  32768 free blocks, 8192 free inodes, 0 directories, 8192 unused inodes

  Free inodes: 3137537-3145728

Group 384: (Blocks 12582912-12615679) csum 0x3dc4 [INODE_UNINIT, ITABLE_ZEROED]

  2016 free blocks, 8192 free inodes, 0 directories, 8192 unused inodes

  Free inodes: 3145729-3153920

Group 385: (Blocks 12615680-12648447) csum 0x6c12 [INODE_UNINIT, ITABLE_ZEROED]

  32768 free blocks, 8192 free inodes, 0 directories, 8192 unused inodes

  Free inodes: 3153921-3162112

Group 386: (Blocks 12648448-12681215) csum 0x389e [INODE_UNINIT, ITABLE_ZEROED]

  32768 free blocks, 8192 free inodes, 0 directories, 8192 unused inodes

  Free inodes: 3162113-3170304

Group 387: (Blocks 12681216-12713983) csum 0x26b5 [INODE_UNINIT, ITABLE_ZEROED]

  32768 free blocks, 8192 free inodes, 0 directories, 8192 unused inodes

  Free inodes: 3170305-3178496

Group 388: (Blocks 12713984-12746751) csum 0xe777 [INODE_UNINIT, ITABLE_ZEROED]

  32768 free blocks, 8192 free inodes, 0 directories, 8192 unused inodes

  Free inodes: 3178497-3186688

Group 389: (Blocks 12746752-12779519) csum 0xf95c [INODE_UNINIT, ITABLE_ZEROED]

  32768 free blocks, 8192 free inodes, 0 directories, 8192 unused inodes

  Free inodes: 3186689-3194880

Group 390: (Blocks 12779520-12812287) csum 0xadd0 [INODE_UNINIT, ITABLE_ZEROED]

  32768 free blocks, 8192 free inodes, 0 directories, 8192 unused inodes

  Free inodes: 3194881-3203072

Group 391: (Blocks 12812288-12845055) csum 0xb3fb [INODE_UNINIT, ITABLE_ZEROED]

  32768 free blocks, 8192 free inodes, 0 directories, 8192 unused inodes

  Free inodes: 3203073-3211264

Group 392: (Blocks 12845056-12877823) csum 0x2e54 [INODE_UNINIT, ITABLE_ZEROED]

  32768 free blocks, 8192 free inodes, 0 directories, 8192 unused inodes

  Free inodes: 3211265-3219456

Group 393: (Blocks 12877824-12910591) csum 0x307f [INODE_UNINIT, ITABLE_ZEROED]

  32768 free blocks, 8192 free inodes, 0 directories, 8192 unused inodes

  Free inodes: 3219457-3227648

Group 394: (Blocks 12910592-12943359) csum 0x64f3 [INODE_UNINIT, ITABLE_ZEROED]

  32768 free blocks, 8192 free inodes, 0 directories, 8192 unused inodes

  Free inodes: 3227649-3235840

Group 395: (Blocks 12943360-12976127) csum 0x7ad8 [INODE_UNINIT, ITABLE_ZEROED]

  32768 free blocks, 8192 free inodes, 0 directories, 8192 unused inodes

  Free inodes: 3235841-3244032

Group 396: (Blocks 12976128-13008895) csum 0xbb1a [INODE_UNINIT, ITABLE_ZEROED]

  32768 free blocks, 8192 free inodes, 0 directories, 8192 unused inodes

  Free inodes: 3244033-3252224

Group 397: (Blocks 13008896-13041663) csum 0xa531 [INODE_UNINIT, ITABLE_ZEROED]

  32768 free blocks, 8192 free inodes, 0 directories, 8192 unused inodes

  Free inodes: 3252225-3260416

Group 398: (Blocks 13041664-13074431) csum 0xf1bd [INODE_UNINIT, ITABLE_ZEROED]

  32768 free blocks, 8192 free inodes, 0 directories, 8192 unused inodes

  Free inodes: 3260417-3268608

Group 399: (Blocks 13074432-13107199) csum 0xef96 [INODE_UNINIT, ITABLE_ZEROED]

  32768 free blocks, 8192 free inodes, 0 directories, 8192 unused inodes

  Free inodes: 3268609-3276800

Group 400: (Blocks 13107200-13139967) csum 0xba68 [INODE_UNINIT, ITABLE_ZEROED]

  2016 free blocks, 8192 free inodes, 0 directories, 8192 unused inodes

  Free inodes: 3276801-3284992

Group 401: (Blocks 13139968-13172735) csum 0xebbe [INODE_UNINIT, ITABLE_ZEROED]

  32768 free blocks, 8192 free inodes, 0 directories, 8192 unused inodes

  Free inodes: 3284993-3293184

Group 402: (Blocks 13172736-13205503) csum 0xbf32 [INODE_UNINIT, ITABLE_ZEROED]

  32768 free blocks, 8192 free inodes, 0 directories, 8192 unused inodes

  Free inodes: 3293185-3301376

Group 403: (Blocks 13205504-13238271) csum 0xa119 [INODE_UNINIT, ITABLE_ZEROED]

  32768 free blocks, 8192 free inodes, 0 directories, 8192 unused inodes

  Free inodes: 3301377-3309568

Group 404: (Blocks 13238272-13271039) csum 0x60db [INODE_UNINIT, ITABLE_ZEROED]

  32768 free blocks, 8192 free inodes, 0 directories, 8192 unused inodes

  Free inodes: 3309569-3317760

Group 405: (Blocks 13271040-13303807) csum 0x7ef0 [INODE_UNINIT, ITABLE_ZEROED]

  32768 free blocks, 8192 free inodes, 0 directories, 8192 unused inodes

  Free inodes: 3317761-3325952

Group 406: (Blocks 13303808-13336575) csum 0x2a7c [INODE_UNINIT, ITABLE_ZEROED]

  32768 free blocks, 8192 free inodes, 0 directories, 8192 unused inodes

  Free inodes: 3325953-3334144

Group 407: (Blocks 13336576-13369343) csum 0x3457 [INODE_UNINIT, ITABLE_ZEROED]

  32768 free blocks, 8192 free inodes, 0 directories, 8192 unused inodes

  Free inodes: 3334145-3342336

Group 408: (Blocks 13369344-13402111) csum 0xa9f8 [INODE_UNINIT, ITABLE_ZEROED]

  32768 free blocks, 8192 free inodes, 0 directories, 8192 unused inodes

  Free inodes: 3342337-3350528

Group 409: (Blocks 13402112-13434879) csum 0xb7d3 [INODE_UNINIT, ITABLE_ZEROED]

  32768 free blocks, 8192 free inodes, 0 directories, 8192 unused inodes

  Free inodes: 3350529-3358720

Group 410: (Blocks 13434880-13467647) csum 0xe35f [INODE_UNINIT, ITABLE_ZEROED]

  32768 free blocks, 8192 free inodes, 0 directories, 8192 unused inodes

  Free inodes: 3358721-3366912

Group 411: (Blocks 13467648-13500415) csum 0xfd74 [INODE_UNINIT, ITABLE_ZEROED]

  32768 free blocks, 8192 free inodes, 0 directories, 8192 unused inodes

  Free inodes: 3366913-3375104

Group 412: (Blocks 13500416-13533183) csum 0x3cb6 [INODE_UNINIT, ITABLE_ZEROED]

  32768 free blocks, 8192 free inodes, 0 directories, 8192 unused inodes

  Free inodes: 3375105-3383296

Group 413: (Blocks 13533184-13565951) csum 0x229d [INODE_UNINIT, ITABLE_ZEROED]

  32768 free blocks, 8192 free inodes, 0 directories, 8192 unused inodes

  Free inodes: 3383297-3391488

Group 414: (Blocks 13565952-13598719) csum 0x7611 [INODE_UNINIT, ITABLE_ZEROED]

  32768 free blocks, 8192 free inodes, 0 directories, 8192 unused inodes

  Free inodes: 3391489-3399680

Group 415: (Blocks 13598720-13631487) csum 0x683a [INODE_UNINIT, ITABLE_ZEROED]

  32768 free blocks, 8192 free inodes, 0 directories, 8192 unused inodes

  Free inodes: 3399681-3407872

Group 416: (Blocks 13631488-13664255) csum 0x329c [INODE_UNINIT, ITABLE_ZEROED]

  2016 free blocks, 8192 free inodes, 0 directories, 8192 unused inodes

  Free inodes: 3407873-3416064

Group 417: (Blocks 13664256-13697023) csum 0x634a [INODE_UNINIT, ITABLE_ZEROED]

  32768 free blocks, 8192 free inodes, 0 directories, 8192 unused inodes

  Free inodes: 3416065-3424256

Group 418: (Blocks 13697024-13729791) csum 0x37c6 [INODE_UNINIT, ITABLE_ZEROED]

  32768 free blocks, 8192 free inodes, 0 directories, 8192 unused inodes

  Free inodes: 3424257-3432448

Group 419: (Blocks 13729792-13762559) csum 0x29ed [INODE_UNINIT, ITABLE_ZEROED]

  32768 free blocks, 8192 free inodes, 0 directories, 8192 unused inodes

  Free inodes: 3432449-3440640

Group 420: (Blocks 13762560-13795327) csum 0xe82f [INODE_UNINIT, ITABLE_ZEROED]

  32768 free blocks, 8192 free inodes, 0 directories, 8192 unused inodes

  Free inodes: 3440641-3448832

Group 421: (Blocks 13795328-13828095) csum 0xf604 [INODE_UNINIT, ITABLE_ZEROED]

  32768 free blocks, 8192 free inodes, 0 directories, 8192 unused inodes

  Free inodes: 3448833-3457024

Group 422: (Blocks 13828096-13860863) csum 0xa288 [INODE_UNINIT, ITABLE_ZEROED]

  32768 free blocks, 8192 free inodes, 0 directories, 8192 unused inodes

  Free inodes: 3457025-3465216

Group 423: (Blocks 13860864-13893631) csum 0xbca3 [INODE_UNINIT, ITABLE_ZEROED]

  32768 free blocks, 8192 free inodes, 0 directories, 8192 unused inodes

  Free inodes: 3465217-3473408

Group 424: (Blocks 13893632-13926399) csum 0x210c [INODE_UNINIT, ITABLE_ZEROED]

  32768 free blocks, 8192 free inodes, 0 directories, 8192 unused inodes

  Free inodes: 3473409-3481600

Group 425: (Blocks 13926400-13959167) csum 0x3f27 [INODE_UNINIT, ITABLE_ZEROED]

  32768 free blocks, 8192 free inodes, 0 directories, 8192 unused inodes

  Free inodes: 3481601-3489792

Group 426: (Blocks 13959168-13991935) csum 0x6bab [INODE_UNINIT, ITABLE_ZEROED]

  32768 free blocks, 8192 free inodes, 0 directories, 8192 unused inodes

  Free inodes: 3489793-3497984

Group 427: (Blocks 13991936-14024703) csum 0x7580 [INODE_UNINIT, ITABLE_ZEROED]

  32768 free blocks, 8192 free inodes, 0 directories, 8192 unused inodes

  Free inodes: 3497985-3506176

Group 428: (Blocks 14024704-14057471) csum 0xb442 [INODE_UNINIT, ITABLE_ZEROED]

  32768 free blocks, 8192 free inodes, 0 directories, 8192 unused inodes

  Free inodes: 3506177-3514368

Group 429: (Blocks 14057472-14090239) csum 0xaa69 [INODE_UNINIT, ITABLE_ZEROED]

  32768 free blocks, 8192 free inodes, 0 directories, 8192 unused inodes

  Free inodes: 3514369-3522560

Group 430: (Blocks 14090240-14123007) csum 0xfee5 [INODE_UNINIT, ITABLE_ZEROED]

  32768 free blocks, 8192 free inodes, 0 directories, 8192 unused inodes

  Free inodes: 3522561-3530752

Group 431: (Blocks 14123008-14155775) csum 0xe0ce [INODE_UNINIT, ITABLE_ZEROED]

  32768 free blocks, 8192 free inodes, 0 directories, 8192 unused inodes

  Free inodes: 3530753-3538944

Group 432: (Blocks 14155776-14188543) csum 0xb530 [INODE_UNINIT, ITABLE_ZEROED]

  2016 free blocks, 8192 free inodes, 0 directories, 8192 unused inodes

  Free inodes: 3538945-3547136

Group 433: (Blocks 14188544-14221311) csum 0xe4e6 [INODE_UNINIT, ITABLE_ZEROED]

  32768 free blocks, 8192 free inodes, 0 directories, 8192 unused inodes

  Free inodes: 3547137-3555328

Group 434: (Blocks 14221312-14254079) csum 0xb06a [INODE_UNINIT, ITABLE_ZEROED]

  32768 free blocks, 8192 free inodes, 0 directories, 8192 unused inodes

  Free inodes: 3555329-3563520

Group 435: (Blocks 14254080-14286847) csum 0xae41 [INODE_UNINIT, ITABLE_ZEROED]

  32768 free blocks, 8192 free inodes, 0 directories, 8192 unused inodes

  Free inodes: 3563521-3571712

Group 436: (Blocks 14286848-14319615) csum 0x6f83 [INODE_UNINIT, ITABLE_ZEROED]

  32768 free blocks, 8192 free inodes, 0 directories, 8192 unused inodes

  Free inodes: 3571713-3579904

Group 437: (Blocks 14319616-14352383) csum 0x71a8 [INODE_UNINIT, ITABLE_ZEROED]

  32768 free blocks, 8192 free inodes, 0 directories, 8192 unused inodes

  Free inodes: 3579905-3588096

Group 438: (Blocks 14352384-14385151) csum 0x2524 [INODE_UNINIT, ITABLE_ZEROED]

  32768 free blocks, 8192 free inodes, 0 directories, 8192 unused inodes

  Free inodes: 3588097-3596288

Group 439: (Blocks 14385152-14417919) csum 0x3b0f [INODE_UNINIT, ITABLE_ZEROED]

  32768 free blocks, 8192 free inodes, 0 directories, 8192 unused inodes

  Free inodes: 3596289-3604480

Group 440: (Blocks 14417920-14450687) csum 0xa6a0 [INODE_UNINIT, ITABLE_ZEROED]

  32768 free blocks, 8192 free inodes, 0 directories, 8192 unused inodes

  Free inodes: 3604481-3612672

Group 441: (Blocks 14450688-14483455) csum 0xb88b [INODE_UNINIT, ITABLE_ZEROED]

  32768 free blocks, 8192 free inodes, 0 directories, 8192 unused inodes

  Free inodes: 3612673-3620864

Group 442: (Blocks 14483456-14516223) csum 0xec07 [INODE_UNINIT, ITABLE_ZEROED]

  32768 free blocks, 8192 free inodes, 0 directories, 8192 unused inodes

  Free inodes: 3620865-3629056

Group 443: (Blocks 14516224-14548991) csum 0xf22c [INODE_UNINIT, ITABLE_ZEROED]

  32768 free blocks, 8192 free inodes, 0 directories, 8192 unused inodes

  Free inodes: 3629057-3637248

Group 444: (Blocks 14548992-14581759) csum 0x33ee [INODE_UNINIT, ITABLE_ZEROED]

  32768 free blocks, 8192 free inodes, 0 directories, 8192 unused inodes

  Free inodes: 3637249-3645440

Group 445: (Blocks 14581760-14614527) csum 0x2dc5 [INODE_UNINIT, ITABLE_ZEROED]

  32768 free blocks, 8192 free inodes, 0 directories, 8192 unused inodes

  Free inodes: 3645441-3653632

Group 446: (Blocks 14614528-14647295) csum 0x7949 [INODE_UNINIT, ITABLE_ZEROED]

  32768 free blocks, 8192 free inodes, 0 directories, 8192 unused inodes

  Free inodes: 3653633-3661824

Group 447: (Blocks 14647296-14680063) csum 0x6762 [INODE_UNINIT, ITABLE_ZEROED]

  32768 free blocks, 8192 free inodes, 0 directories, 8192 unused inodes

  Free inodes: 3661825-3670016

Group 448: (Blocks 14680064-14712831) csum 0x5585 [INODE_UNINIT, ITABLE_ZEROED]

  2016 free blocks, 8192 free inodes, 0 directories, 8192 unused inodes

  Free inodes: 3670017-3678208

Group 449: (Blocks 14712832-14745599) csum 0x0453 [INODE_UNINIT, ITABLE_ZEROED]

  32768 free blocks, 8192 free inodes, 0 directories, 8192 unused inodes

  Free inodes: 3678209-3686400

Group 450: (Blocks 14745600-14778367) csum 0x50df [INODE_UNINIT, ITABLE_ZEROED]

  32768 free blocks, 8192 free inodes, 0 directories, 8192 unused inodes

  Free inodes: 3686401-3694592

Group 451: (Blocks 14778368-14811135) csum 0x4ef4 [INODE_UNINIT, ITABLE_ZEROED]

  32768 free blocks, 8192 free inodes, 0 directories, 8192 unused inodes

  Free inodes: 3694593-3702784

Group 452: (Blocks 14811136-14843903) csum 0x8f36 [INODE_UNINIT, ITABLE_ZEROED]

  32768 free blocks, 8192 free inodes, 0 directories, 8192 unused inodes

  Free inodes: 3702785-3710976

Group 453: (Blocks 14843904-14876671) csum 0x911d [INODE_UNINIT, ITABLE_ZEROED]

  32768 free blocks, 8192 free inodes, 0 directories, 8192 unused inodes

  Free inodes: 3710977-3719168

Group 454: (Blocks 14876672-14909439) csum 0xc591 [INODE_UNINIT, ITABLE_ZEROED]

  32768 free blocks, 8192 free inodes, 0 directories, 8192 unused inodes

  Free inodes: 3719169-3727360

Group 455: (Blocks 14909440-14942207) csum 0xdbba [INODE_UNINIT, ITABLE_ZEROED]

  32768 free blocks, 8192 free inodes, 0 directories, 8192 unused inodes

  Free inodes: 3727361-3735552

Group 456: (Blocks 14942208-14974975) csum 0x4615 [INODE_UNINIT, ITABLE_ZEROED]

  32768 free blocks, 8192 free inodes, 0 directories, 8192 unused inodes

  Free inodes: 3735553-3743744

Group 457: (Blocks 14974976-15007743) csum 0x583e [INODE_UNINIT, ITABLE_ZEROED]

  32768 free blocks, 8192 free inodes, 0 directories, 8192 unused inodes

  Free inodes: 3743745-3751936

Group 458: (Blocks 15007744-15040511) csum 0x0cb2 [INODE_UNINIT, ITABLE_ZEROED]

  32768 free blocks, 8192 free inodes, 0 directories, 8192 unused inodes

  Free inodes: 3751937-3760128

Group 459: (Blocks 15040512-15073279) csum 0x1299 [INODE_UNINIT, ITABLE_ZEROED]

  32768 free blocks, 8192 free inodes, 0 directories, 8192 unused inodes

  Free inodes: 3760129-3768320

Group 460: (Blocks 15073280-15106047) csum 0xd35b [INODE_UNINIT, ITABLE_ZEROED]

  32768 free blocks, 8192 free inodes, 0 directories, 8192 unused inodes

  Free inodes: 3768321-3776512

Group 461: (Blocks 15106048-15138815) csum 0xcd70 [INODE_UNINIT, ITABLE_ZEROED]

  32768 free blocks, 8192 free inodes, 0 directories, 8192 unused inodes

  Free inodes: 3776513-3784704

Group 462: (Blocks 15138816-15171583) csum 0x99fc [INODE_UNINIT, ITABLE_ZEROED]

  32768 free blocks, 8192 free inodes, 0 directories, 8192 unused inodes

  Free inodes: 3784705-3792896

Group 463: (Blocks 15171584-15204351) csum 0x87d7 [INODE_UNINIT, ITABLE_ZEROED]

  32768 free blocks, 8192 free inodes, 0 directories, 8192 unused inodes

  Free inodes: 3792897-3801088

Group 464: (Blocks 15204352-15237119) csum 0xd229 [INODE_UNINIT, ITABLE_ZEROED]

  2016 free blocks, 8192 free inodes, 0 directories, 8192 unused inodes

  Free inodes: 3801089-3809280

Group 465: (Blocks 15237120-15269887) csum 0x83ff [INODE_UNINIT, ITABLE_ZEROED]

  32768 free blocks, 8192 free inodes, 0 directories, 8192 unused inodes

  Free inodes: 3809281-3817472

Group 466: (Blocks 15269888-15302655) csum 0xd773 [INODE_UNINIT, ITABLE_ZEROED]

  32768 free blocks, 8192 free inodes, 0 directories, 8192 unused inodes

  Free inodes: 3817473-3825664

Group 467: (Blocks 15302656-15335423) csum 0xc958 [INODE_UNINIT, ITABLE_ZEROED]

  32768 free blocks, 8192 free inodes, 0 directories, 8192 unused inodes

  Free inodes: 3825665-3833856

Group 468: (Blocks 15335424-15368191) csum 0x089a [INODE_UNINIT, ITABLE_ZEROED]

  32768 free blocks, 8192 free inodes, 0 directories, 8192 unused inodes

  Free inodes: 3833857-3842048

Group 469: (Blocks 15368192-15400959) csum 0x16b1 [INODE_UNINIT, ITABLE_ZEROED]

  32768 free blocks, 8192 free inodes, 0 directories, 8192 unused inodes

  Free inodes: 3842049-3850240

Group 470: (Blocks 15400960-15433727) csum 0x423d [INODE_UNINIT, ITABLE_ZEROED]

  32768 free blocks, 8192 free inodes, 0 directories, 8192 unused inodes

  Free inodes: 3850241-3858432

Group 471: (Blocks 15433728-15466495) csum 0x5c16 [INODE_UNINIT, ITABLE_ZEROED]

  32768 free blocks, 8192 free inodes, 0 directories, 8192 unused inodes

  Free inodes: 3858433-3866624

Group 472: (Blocks 15466496-15499263) csum 0xc1b9 [INODE_UNINIT, ITABLE_ZEROED]

  32768 free blocks, 8192 free inodes, 0 directories, 8192 unused inodes

  Free inodes: 3866625-3874816

Group 473: (Blocks 15499264-15532031) csum 0xdf92 [INODE_UNINIT, ITABLE_ZEROED]

  32768 free blocks, 8192 free inodes, 0 directories, 8192 unused inodes

  Free inodes: 3874817-3883008

Group 474: (Blocks 15532032-15564799) csum 0x8b1e [INODE_UNINIT, ITABLE_ZEROED]

  32768 free blocks, 8192 free inodes, 0 directories, 8192 unused inodes

  Free inodes: 3883009-3891200

Group 475: (Blocks 15564800-15597567) csum 0x9535 [INODE_UNINIT, ITABLE_ZEROED]

  32768 free blocks, 8192 free inodes, 0 directories, 8192 unused inodes

  Free inodes: 3891201-3899392

Group 476: (Blocks 15597568-15630335) csum 0x54f7 [INODE_UNINIT, ITABLE_ZEROED]

  32768 free blocks, 8192 free inodes, 0 directories, 8192 unused inodes

  Free inodes: 3899393-3907584

Group 477: (Blocks 15630336-15663103) csum 0x4adc [INODE_UNINIT, ITABLE_ZEROED]

  32768 free blocks, 8192 free inodes, 0 directories, 8192 unused inodes

  Free inodes: 3907585-3915776

Group 478: (Blocks 15663104-15695871) csum 0x1e50 [INODE_UNINIT, ITABLE_ZEROED]

  32768 free blocks, 8192 free inodes, 0 directories, 8192 unused inodes

  Free inodes: 3915777-3923968

Group 479: (Blocks 15695872-15728639) csum 0x007b [INODE_UNINIT, ITABLE_ZEROED]

  32768 free blocks, 8192 free inodes, 0 directories, 8192 unused inodes

  Free inodes: 3923969-3932160

Group 480: (Blocks 15728640-15761407) csum 0x5add [INODE_UNINIT, ITABLE_ZEROED]

  2016 free blocks, 8192 free inodes, 0 directories, 8192 unused inodes

  Free inodes: 3932161-3940352

Group 481: (Blocks 15761408-15794175) csum 0x0b0b [INODE_UNINIT, ITABLE_ZEROED]

  32768 free blocks, 8192 free inodes, 0 directories, 8192 unused inodes

  Free inodes: 3940353-3948544

Group 482: (Blocks 15794176-15826943) csum 0x5f87 [INODE_UNINIT, ITABLE_ZEROED]

  32768 free blocks, 8192 free inodes, 0 directories, 8192 unused inodes

  Free inodes: 3948545-3956736

Group 483: (Blocks 15826944-15859711) csum 0x41ac [INODE_UNINIT, ITABLE_ZEROED]

  32768 free blocks, 8192 free inodes, 0 directories, 8192 unused inodes

  Free inodes: 3956737-3964928

Group 484: (Blocks 15859712-15892479) csum 0x806e [INODE_UNINIT, ITABLE_ZEROED]

  32768 free blocks, 8192 free inodes, 0 directories, 8192 unused inodes

  Free inodes: 3964929-3973120

Group 485: (Blocks 15892480-15925247) csum 0x9e45 [INODE_UNINIT, ITABLE_ZEROED]

  32768 free blocks, 8192 free inodes, 0 directories, 8192 unused inodes

  Free inodes: 3973121-3981312

Group 486: (Blocks 15925248-15958015) csum 0xcac9 [INODE_UNINIT, ITABLE_ZEROED]

  32768 free blocks, 8192 free inodes, 0 directories, 8192 unused inodes

  Free inodes: 3981313-3989504

Group 487: (Blocks 15958016-15990783) csum 0xd4e2 [INODE_UNINIT, ITABLE_ZEROED]

  32768 free blocks, 8192 free inodes, 0 directories, 8192 unused inodes

  Free inodes: 3989505-3997696

Group 488: (Blocks 15990784-16023551) csum 0x494d [INODE_UNINIT, ITABLE_ZEROED]

  32768 free blocks, 8192 free inodes, 0 directories, 8192 unused inodes

  Free inodes: 3997697-4005888

Group 489: (Blocks 16023552-16056319) csum 0x5766 [INODE_UNINIT, ITABLE_ZEROED]

  32768 free blocks, 8192 free inodes, 0 directories, 8192 unused inodes

  Free inodes: 4005889-4014080

Group 490: (Blocks 16056320-16089087) csum 0x03ea [INODE_UNINIT, ITABLE_ZEROED]

  32768 free blocks, 8192 free inodes, 0 directories, 8192 unused inodes

  Free inodes: 4014081-4022272

Group 491: (Blocks 16089088-16121855) csum 0x1dc1 [INODE_UNINIT, ITABLE_ZEROED]

  32768 free blocks, 8192 free inodes, 0 directories, 8192 unused inodes

  Free inodes: 4022273-4030464

Group 492: (Blocks 16121856-16154623) csum 0xdc03 [INODE_UNINIT, ITABLE_ZEROED]

  32768 free blocks, 8192 free inodes, 0 directories, 8192 unused inodes

  Free inodes: 4030465-4038656

Group 493: (Blocks 16154624-16187391) csum 0xc228 [INODE_UNINIT, ITABLE_ZEROED]

  32768 free blocks, 8192 free inodes, 0 directories, 8192 unused inodes

  Free inodes: 4038657-4046848

Group 494: (Blocks 16187392-16220159) csum 0x96a4 [INODE_UNINIT, ITABLE_ZEROED]

  32768 free blocks, 8192 free inodes, 0 directories, 8192 unused inodes

  Free inodes: 4046849-4055040

Group 495: (Blocks 16220160-16252927) csum 0x888f [INODE_UNINIT, ITABLE_ZEROED]

  32768 free blocks, 8192 free inodes, 0 directories, 8192 unused inodes

  Free inodes: 4055041-4063232

Group 496: (Blocks 16252928-16285695) csum 0xdd71 [INODE_UNINIT, ITABLE_ZEROED]

  2016 free blocks, 8192 free inodes, 0 directories, 8192 unused inodes

  Free inodes: 4063233-4071424

Group 497: (Blocks 16285696-16318463) csum 0x8ca7 [INODE_UNINIT, ITABLE_ZEROED]

  32768 free blocks, 8192 free inodes, 0 directories, 8192 unused inodes

  Free inodes: 4071425-4079616

Group 498: (Blocks 16318464-16351231) csum 0xd82b [INODE_UNINIT, ITABLE_ZEROED]

  32768 free blocks, 8192 free inodes, 0 directories, 8192 unused inodes

  Free inodes: 4079617-4087808

Group 499: (Blocks 16351232-16383999) csum 0xc600 [INODE_UNINIT, ITABLE_ZEROED]

  32768 free blocks, 8192 free inodes, 0 directories, 8192 unused inodes

  Free inodes: 4087809-4096000

Group 500: (Blocks 16384000-16416767) csum 0x07c2 [INODE_UNINIT, ITABLE_ZEROED]

  32768 free blocks, 8192 free inodes, 0 directories, 8192 unused inodes

  Free inodes: 4096001-4104192

Group 501: (Blocks 16416768-16449535) csum 0x19e9 [INODE_UNINIT, ITABLE_ZEROED]

  32768 free blocks, 8192 free inodes, 0 directories, 8192 unused inodes

  Free inodes: 4104193-4112384

Group 502: (Blocks 16449536-16482303) csum 0x4d65 [INODE_UNINIT, ITABLE_ZEROED]

  32768 free blocks, 8192 free inodes, 0 directories, 8192 unused inodes

  Free inodes: 4112385-4120576

Group 503: (Blocks 16482304-16515071) csum 0x534e [INODE_UNINIT, ITABLE_ZEROED]

  32768 free blocks, 8192 free inodes, 0 directories, 8192 unused inodes

  Free inodes: 4120577-4128768

Group 504: (Blocks 16515072-16547839) csum 0xcee1 [INODE_UNINIT, ITABLE_ZEROED]

  32768 free blocks, 8192 free inodes, 0 directories, 8192 unused inodes

  Free inodes: 4128769-4136960

Group 505: (Blocks 16547840-16580607) csum 0xd0ca [INODE_UNINIT, ITABLE_ZEROED]

  32768 free blocks, 8192 free inodes, 0 directories, 8192 unused inodes

  Free inodes: 4136961-4145152

Group 506: (Blocks 16580608-16613375) csum 0x8446 [INODE_UNINIT, ITABLE_ZEROED]

  32768 free blocks, 8192 free inodes, 0 directories, 8192 unused inodes

  Free inodes: 4145153-4153344

Group 507: (Blocks 16613376-16646143) csum 0x9a6d [INODE_UNINIT, ITABLE_ZEROED]

  32768 free blocks, 8192 free inodes, 0 directories, 8192 unused inodes

  Free inodes: 4153345-4161536

Group 508: (Blocks 16646144-16678911) csum 0x5baf [INODE_UNINIT, ITABLE_ZEROED]

  32768 free blocks, 8192 free inodes, 0 directories, 8192 unused inodes

  Free inodes: 4161537-4169728

Group 509: (Blocks 16678912-16711679) csum 0x4584 [INODE_UNINIT, ITABLE_ZEROED]

  32768 free blocks, 8192 free inodes, 0 directories, 8192 unused inodes

  Free inodes: 4169729-4177920

Group 510: (Blocks 16711680-16744447) csum 0x1108 [INODE_UNINIT, ITABLE_ZEROED]

  32768 free blocks, 8192 free inodes, 0 directories, 8192 unused inodes

  Free inodes: 4177921-4186112

Group 511: (Blocks 16744448-16777215) csum 0x0f23 [INODE_UNINIT, ITABLE_ZEROED]

  32768 free blocks, 8192 free inodes, 0 directories, 8192 unused inodes

  Free inodes: 4186113-4194304

Group 512: (Blocks 16777216-16809983) csum 0x78bb [INODE_UNINIT, ITABLE_ZEROED]

  2016 free blocks, 8192 free inodes, 0 directories, 8192 unused inodes

  Free inodes: 4194305-4202496

Group 513: (Blocks 16809984-16842751) csum 0x296d [INODE_UNINIT, ITABLE_ZEROED]

  32768 free blocks, 8192 free inodes, 0 directories, 8192 unused inodes

  Free inodes: 4202497-4210688

Group 514: (Blocks 16842752-16875519) csum 0x7de1 [INODE_UNINIT, ITABLE_ZEROED]

  32768 free blocks, 8192 free inodes, 0 directories, 8192 unused inodes

  Free inodes: 4210689-4218880

Group 515: (Blocks 16875520-16908287) csum 0x63ca [INODE_UNINIT, ITABLE_ZEROED]

  32768 free blocks, 8192 free inodes, 0 directories, 8192 unused inodes

  Free inodes: 4218881-4227072

Group 516: (Blocks 16908288-16941055) csum 0xa208 [INODE_UNINIT, ITABLE_ZEROED]

  32768 free blocks, 8192 free inodes, 0 directories, 8192 unused inodes

  Free inodes: 4227073-4235264

Group 517: (Blocks 16941056-16973823) csum 0xbc23 [INODE_UNINIT, ITABLE_ZEROED]

  32768 free blocks, 8192 free inodes, 0 directories, 8192 unused inodes

  Free inodes: 4235265-4243456

Group 518: (Blocks 16973824-17006591) csum 0xe8af [INODE_UNINIT, ITABLE_ZEROED]

  32768 free blocks, 8192 free inodes, 0 directories, 8192 unused inodes

  Free inodes: 4243457-4251648

Group 519: (Blocks 17006592-17039359) csum 0xf684 [INODE_UNINIT, ITABLE_ZEROED]

  32768 free blocks, 8192 free inodes, 0 directories, 8192 unused inodes

  Free inodes: 4251649-4259840

Group 520: (Blocks 17039360-17072127) csum 0x6b2b [INODE_UNINIT, ITABLE_ZEROED]

  32768 free blocks, 8192 free inodes, 0 directories, 8192 unused inodes

  Free inodes: 4259841-4268032

Group 521: (Blocks 17072128-17104895) csum 0x7500 [INODE_UNINIT, ITABLE_ZEROED]

  32768 free blocks, 8192 free inodes, 0 directories, 8192 unused inodes

  Free inodes: 4268033-4276224

Group 522: (Blocks 17104896-17137663) csum 0x218c [INODE_UNINIT, ITABLE_ZEROED]

  32768 free blocks, 8192 free inodes, 0 directories, 8192 unused inodes

  Free inodes: 4276225-4284416

Group 523: (Blocks 17137664-17170431) csum 0x3fa7 [INODE_UNINIT, ITABLE_ZEROED]

  32768 free blocks, 8192 free inodes, 0 directories, 8192 unused inodes

  Free inodes: 4284417-4292608

Group 524: (Blocks 17170432-17203199) csum 0xfe65 [INODE_UNINIT, ITABLE_ZEROED]

  32768 free blocks, 8192 free inodes, 0 directories, 8192 unused inodes

  Free inodes: 4292609-4300800

Group 525: (Blocks 17203200-17235967) csum 0xe04e [INODE_UNINIT, ITABLE_ZEROED]

  32768 free blocks, 8192 free inodes, 0 directories, 8192 unused inodes

  Free inodes: 4300801-4308992

Group 526: (Blocks 17235968-17268735) csum 0xb4c2 [INODE_UNINIT, ITABLE_ZEROED]

  32768 free blocks, 8192 free inodes, 0 directories, 8192 unused inodes

  Free inodes: 4308993-4317184

Group 527: (Blocks 17268736-17301503) csum 0xaae9 [INODE_UNINIT, ITABLE_ZEROED]

  32768 free blocks, 8192 free inodes, 0 directories, 8192 unused inodes

  Free inodes: 4317185-4325376

Group 528: (Blocks 17301504-17334271) csum 0xff17 [INODE_UNINIT, ITABLE_ZEROED]

  2016 free blocks, 8192 free inodes, 0 directories, 8192 unused inodes

  Free inodes: 4325377-4333568

Group 529: (Blocks 17334272-17367039) csum 0xaec1 [INODE_UNINIT, ITABLE_ZEROED]

  32768 free blocks, 8192 free inodes, 0 directories, 8192 unused inodes

  Free inodes: 4333569-4341760

Group 530: (Blocks 17367040-17399807) csum 0xfa4d [INODE_UNINIT, ITABLE_ZEROED]

  32768 free blocks, 8192 free inodes, 0 directories, 8192 unused inodes

  Free inodes: 4341761-4349952

